#
# There is insufficient memory for the Java Runtime Environment to continue.
# Native memory allocation (malloc) failed to allocate 1050736 bytes. Error detail: Chunk::new
# Possible reasons:
#   The system is out of physical RAM or swap space
#   This process is running with CompressedOops enabled, and the Java Heap may be blocking the growth of the native heap
# Possible solutions:
#   Reduce memory load on the system
#   Increase physical memory or swap space
#   Check if swap backing store is full
#   Decrease Java heap size (-Xmx/-Xms)
#   Decrease number of Java threads
#   Decrease Java thread stack sizes (-Xss)
#   Set larger code cache with -XX:ReservedCodeCacheSize=
#   JVM is running with Unscaled Compressed Oops mode in which the Java heap is
#     placed in the first 4GB address space. The Java Heap base address is the
#     maximum limit for the native heap growth. Please use -XX:HeapBaseMinAddress
#     to set the Java Heap base and to place the Java Heap above 4GB virtual address.
# This output file may be truncated or incomplete.
#
#  Out of Memory Error (arena.cpp:168), pid=23132, tid=19468
#
# JRE version: OpenJDK Runtime Environment Temurin-21.0.10+7 (21.0.10+7) (build 21.0.10+7-LTS)
# Java VM: OpenJDK 64-Bit Server VM Temurin-21.0.10+7 (21.0.10+7-LTS, mixed mode, sharing, tiered, compressed oops, compressed class ptrs, parallel gc, windows-amd64)
# No core dump will be written. Minidumps are not enabled by default on client versions of Windows
#

---------------  S U M M A R Y ------------

Command Line: --add-modules=ALL-SYSTEM --add-opens=java.base/java.util=ALL-UNNAMED --add-opens=java.base/java.lang=ALL-UNNAMED --add-opens=java.base/sun.nio.fs=ALL-UNNAMED -Declipse.application=org.eclipse.jdt.ls.core.id1 -Dosgi.bundles.defaultStartLevel=4 -Declipse.product=org.eclipse.jdt.ls.core.product -Djava.import.generatesMetadataFilesAtProjectRoot=false -DDetectVMInstallationsJob.disabled=true -Dfile.encoding=utf8 -XX:+UseParallelGC -XX:GCTimeRatio=4 -XX:AdaptiveSizePolicyWeight=90 -Dsun.zip.disableMemoryMapping=true -Xmx2G -Xms100m -Xlog:disable -javaagent:c:\Users\maafi\.vscode\extensions\redhat.java-1.54.0-win32-x64\lombok\lombok-1.18.39-4050.jar -XX:+HeapDumpOnOutOfMemoryError -XX:HeapDumpPath=c:\Users\maafi\AppData\Roaming\Code\User\workspaceStorage\a59dc96bf32e8cfe32465a2fc0319d96\redhat.java -Daether.dependencyCollector.impl=bf c:\Users\maafi\.vscode\extensions\redhat.java-1.54.0-win32-x64\server\plugins\org.eclipse.equinox.launcher_1.7.100.v20251111-0406.jar -configuration c:\Users\maafi\AppData\Roaming\Code\User\globalStorage\redhat.java\1.54.0\config_win -data c:\Users\maafi\AppData\Roaming\Code\User\workspaceStorage\a59dc96bf32e8cfe32465a2fc0319d96\redhat.java\jdt_ws --pipe=\\.\pipe\lsp-ba61ff86cfa0558c5ba90eddbc0105cf-sock

Host: Intel(R) Core(TM) i5-1035G1 CPU @ 1.00GHz, 8 cores, 7G,  Windows 11 , 64 bit Build 26100 (10.0.26100.8521)
Time: Thu Jun 11 22:38:13 2026 SE Asia Standard Time elapsed time: 384.542279 seconds (0d 0h 6m 24s)

---------------  T H R E A D  ---------------

Current thread (0x0000015447984050):  JavaThread "C2 CompilerThread2" daemon [_thread_in_native, id=19468, stack(0x0000004f2f700000,0x0000004f2f800000) (1024K)]


Current CompileTask:
C2:384544 10672       4       org.eclipse.jdt.internal.core.search.indexing.BinaryIndexer::extractReferenceFromConstantPool (358 bytes)

Stack: [0x0000004f2f700000,0x0000004f2f800000]
Native frames: (J=compiled Java code, j=interpreted, Vv=VM code, C=native code)
V  [jvm.dll+0x6d7a39]
V  [jvm.dll+0x8b4b26]
V  [jvm.dll+0x8b70de]
V  [jvm.dll+0x8b77c3]
V  [jvm.dll+0x284346]
V  [jvm.dll+0xc66ed]
V  [jvm.dll+0xc6c31]
V  [jvm.dll+0x2fb29e]
V  [jvm.dll+0x5fe884]
V  [jvm.dll+0x255b17]
V  [jvm.dll+0x255edd]
V  [jvm.dll+0x24e500]
V  [jvm.dll+0x24ba42]
V  [jvm.dll+0x1cb34e]
V  [jvm.dll+0x25b85d]
V  [jvm.dll+0x259dea]
V  [jvm.dll+0x3f857e]
V  [jvm.dll+0x85f59d]
V  [jvm.dll+0x6d626d]
C  [ucrtbase.dll+0x2cd30]
C  [KERNEL32.DLL+0x2e957]
C  [ntdll.dll+0x87c1c]


---------------  P R O C E S S  ---------------

Threads class SMR info:
_java_thread_list=0x0000015445898000, length=50, elements={
0x000001546139bbc0, 0x00000154636ea8c0, 0x00000154636ed190, 0x00000154635a6100,
0x00000154635a6d60, 0x00000154635a97d0, 0x00000154635aa230, 0x00000154635ad480,
0x00000154635bad80, 0x0000015445262fe0, 0x000001544542c0c0, 0x0000015445cecec0,
0x0000015445b903a0, 0x000001544502e8f0, 0x00000154450d9d00, 0x00000154454653f0,
0x00000154457d90f0, 0x0000015445a49840, 0x0000015445242e70, 0x0000015445242150,
0x00000154452427e0, 0x0000015445240da0, 0x0000015445243500, 0x0000015445243b90,
0x0000015445244220, 0x00000154469d3d50, 0x00000154469d4a70, 0x00000154469d5790,
0x00000154469d3030, 0x00000154469d43e0, 0x00000154469d2310, 0x00000154469d5100,
0x00000154469d36c0, 0x00000154469d5e20, 0x00000154469d29a0, 0x00000154469d64b0,
0x00000154469d6b40, 0x00000154469d8580, 0x00000154469d8c10, 0x00000154469d71d0,
0x00000154469d7ef0, 0x0000015445241430, 0x0000015445241ac0, 0x00000154469d92a0,
0x0000015447982be0, 0x0000015447984050, 0x000001544bebad20, 0x000001544beba690,
0x000001544bebc0d0, 0x000001544bebc760
}

Java Threads: ( => current thread )
  0x000001546139bbc0 JavaThread "main"                              [_thread_blocked, id=27448, stack(0x0000004f2c000000,0x0000004f2c100000) (1024K)]
  0x00000154636ea8c0 JavaThread "Reference Handler"          daemon [_thread_blocked, id=1056, stack(0x0000004f2c400000,0x0000004f2c500000) (1024K)]
  0x00000154636ed190 JavaThread "Finalizer"                  daemon [_thread_blocked, id=24848, stack(0x0000004f2c500000,0x0000004f2c600000) (1024K)]
  0x00000154635a6100 JavaThread "Signal Dispatcher"          daemon [_thread_blocked, id=11088, stack(0x0000004f2c600000,0x0000004f2c700000) (1024K)]
  0x00000154635a6d60 JavaThread "Attach Listener"            daemon [_thread_blocked, id=26532, stack(0x0000004f2c700000,0x0000004f2c800000) (1024K)]
  0x00000154635a97d0 JavaThread "Service Thread"             daemon [_thread_blocked, id=22756, stack(0x0000004f2c800000,0x0000004f2c900000) (1024K)]
  0x00000154635aa230 JavaThread "Monitor Deflation Thread"   daemon [_thread_blocked, id=26884, stack(0x0000004f2c900000,0x0000004f2ca00000) (1024K)]
  0x00000154635ad480 JavaThread "C2 CompilerThread0"         daemon [_thread_in_native, id=22412, stack(0x0000004f2ca00000,0x0000004f2cb00000) (1024K)]
  0x00000154635bad80 JavaThread "C1 CompilerThread0"         daemon [_thread_blocked, id=26520, stack(0x0000004f2cb00000,0x0000004f2cc00000) (1024K)]
  0x0000015445262fe0 JavaThread "Common-Cleaner"             daemon [_thread_blocked, id=8852, stack(0x0000004f2cc00000,0x0000004f2cd00000) (1024K)]
  0x000001544542c0c0 JavaThread "Notification Thread"        daemon [_thread_blocked, id=27380, stack(0x0000004f2cd00000,0x0000004f2ce00000) (1024K)]
  0x0000015445cecec0 JavaThread "Active Thread: Equinox Container: 9023aa32-ddd0-44c4-b1db-3548c976966d"        [_thread_blocked, id=7552, stack(0x0000004f2ce00000,0x0000004f2cf00000) (1024K)]
  0x0000015445b903a0 JavaThread "Refresh Thread: Equinox Container: 9023aa32-ddd0-44c4-b1db-3548c976966d" daemon [_thread_blocked, id=17144, stack(0x0000004f2cf00000,0x0000004f2d000000) (1024K)]
  0x000001544502e8f0 JavaThread "Framework Event Dispatcher: Equinox Container: 9023aa32-ddd0-44c4-b1db-3548c976966d" daemon [_thread_blocked, id=13408, stack(0x0000004f2d600000,0x0000004f2d700000) (1024K)]
  0x00000154450d9d00 JavaThread "Start Level: Equinox Container: 9023aa32-ddd0-44c4-b1db-3548c976966d" daemon [_thread_blocked, id=17772, stack(0x0000004f2d700000,0x0000004f2d800000) (1024K)]
  0x00000154454653f0 JavaThread "Bundle File Closer"         daemon [_thread_blocked, id=21144, stack(0x0000004f2d900000,0x0000004f2da00000) (1024K)]
  0x00000154457d90f0 JavaThread "SCR Component Actor"        daemon [_thread_blocked, id=6412, stack(0x0000004f2be00000,0x0000004f2bf00000) (1024K)]
  0x0000015445a49840 JavaThread "Worker-JM"                         [_thread_blocked, id=27476, stack(0x0000004f2d800000,0x0000004f2d900000) (1024K)]
  0x0000015445242e70 JavaThread "Worker-1: Initialize Workspace"        [_thread_in_native, id=24068, stack(0x0000004f2db00000,0x0000004f2dc00000) (1024K)]
  0x0000015445242150 JavaThread "Worker-2"                          [_thread_blocked, id=10296, stack(0x0000004f2dd00000,0x0000004f2de00000) (1024K)]
  0x00000154452427e0 JavaThread "Worker-3"                          [_thread_blocked, id=17692, stack(0x0000004f2de00000,0x0000004f2df00000) (1024K)]
  0x0000015445240da0 JavaThread "Java indexing"              daemon [_thread_in_Java, id=26384, stack(0x0000004f2e000000,0x0000004f2e100000) (1024K)]
  0x0000015445243500 JavaThread "JNA Cleaner"                daemon [_thread_blocked, id=19596, stack(0x0000004f2dc00000,0x0000004f2dd00000) (1024K)]
  0x0000015445243b90 JavaThread "Thread-1"                   daemon [_thread_in_native, id=4600, stack(0x0000004f2e400000,0x0000004f2e500000) (1024K)]
  0x0000015445244220 JavaThread "Thread-2"                   daemon [_thread_in_native, id=6224, stack(0x0000004f2e500000,0x0000004f2e600000) (1024K)]
  0x00000154469d3d50 JavaThread "Thread-3"                   daemon [_thread_in_native, id=144, stack(0x0000004f2e600000,0x0000004f2e700000) (1024K)]
  0x00000154469d4a70 JavaThread "Thread-4"                   daemon [_thread_in_native, id=22984, stack(0x0000004f2e700000,0x0000004f2e800000) (1024K)]
  0x00000154469d5790 JavaThread "Thread-5"                   daemon [_thread_in_native, id=22516, stack(0x0000004f2e800000,0x0000004f2e900000) (1024K)]
  0x00000154469d3030 JavaThread "Thread-6"                   daemon [_thread_in_native, id=27124, stack(0x0000004f2e900000,0x0000004f2ea00000) (1024K)]
  0x00000154469d43e0 JavaThread "Thread-7"                   daemon [_thread_in_native, id=7060, stack(0x0000004f2ea00000,0x0000004f2eb00000) (1024K)]
  0x00000154469d2310 JavaThread "Thread-8"                   daemon [_thread_in_native, id=26832, stack(0x0000004f2eb00000,0x0000004f2ec00000) (1024K)]
  0x00000154469d5100 JavaThread "Thread-9"                   daemon [_thread_in_native, id=17012, stack(0x0000004f2ec00000,0x0000004f2ed00000) (1024K)]
  0x00000154469d36c0 JavaThread "pool-2-thread-1"                   [_thread_blocked, id=20064, stack(0x0000004f2ed00000,0x0000004f2ee00000) (1024K)]
  0x00000154469d5e20 JavaThread "WorkspaceEventsHandler"            [_thread_blocked, id=828, stack(0x0000004f2e300000,0x0000004f2e400000) (1024K)]
  0x00000154469d29a0 JavaThread "pool-1-thread-1"                   [_thread_blocked, id=4404, stack(0x0000004f2ef00000,0x0000004f2f000000) (1024K)]
  0x00000154469d64b0 JavaThread "ProjectImportProgressReporter" daemon [_thread_blocked, id=22816, stack(0x0000004f2f300000,0x0000004f2f400000) (1024K)]
  0x00000154469d6b40 JavaThread "Timer-0"                           [_thread_blocked, id=17212, stack(0x0000004f2f200000,0x0000004f2f300000) (1024K)]
  0x00000154469d8580 JavaThread "Timer-1"                           [_thread_blocked, id=15372, stack(0x0000004f2bf00000,0x0000004f2c000000) (1024K)]
  0x00000154469d8c10 JavaThread "Timer-2"                           [_thread_blocked, id=25620, stack(0x0000004f2da00000,0x0000004f2db00000) (1024K)]
  0x00000154469d71d0 JavaThread "Timer-3"                           [_thread_blocked, id=24780, stack(0x0000004f2e100000,0x0000004f2e200000) (1024K)]
  0x00000154469d7ef0 JavaThread "Timer-4"                           [_thread_blocked, id=11012, stack(0x0000004f2e200000,0x0000004f2e300000) (1024K)]
  0x0000015445241430 JavaThread "Timer-5"                           [_thread_blocked, id=9776, stack(0x0000004f2ee00000,0x0000004f2ef00000) (1024K)]
  0x0000015445241ac0 JavaThread "Timer-6"                           [_thread_blocked, id=28184, stack(0x0000004f2f400000,0x0000004f2f500000) (1024K)]
  0x00000154469d92a0 JavaThread "Worker-4: Java indexing... "        [_thread_blocked, id=27656, stack(0x0000004f2f600000,0x0000004f2f700000) (1024K)]
  0x0000015447982be0 JavaThread "C2 CompilerThread1"         daemon [_thread_in_vm, id=6924, stack(0x0000004f2f500000,0x0000004f2f600000) (1024K)]
=>0x0000015447984050 JavaThread "C2 CompilerThread2"         daemon [_thread_in_native, id=19468, stack(0x0000004f2f700000,0x0000004f2f800000) (1024K)]
  0x000001544bebad20 JavaThread "Worker-5"                          [_thread_blocked, id=7440, stack(0x0000004f2f800000,0x0000004f2f900000) (1024K)]
  0x000001544beba690 JavaThread "Worker-6: Compacting resource model"        [_thread_blocked, id=27672, stack(0x0000004f2f900000,0x0000004f2fa00000) (1024K)]
  0x000001544bebc0d0 JavaThread "Worker-7"                          [_thread_blocked, id=12188, stack(0x0000004f2fa00000,0x0000004f2fb00000) (1024K)]
  0x000001544bebc760 JavaThread "Worker-8"                          [_thread_blocked, id=27692, stack(0x0000004f2fb00000,0x0000004f2fc00000) (1024K)]
Total: 50

Other Threads:
  0x00000154635a3140 VMThread "VM Thread"                           [id=25584, stack(0x0000004f2c300000,0x0000004f2c400000) (1024K)]
  0x000001546369c090 WatcherThread "VM Periodic Task Thread"        [id=26876, stack(0x0000004f2c200000,0x0000004f2c300000) (1024K)]
  0x00000154636500c0 WorkerThread "GC Thread#0"                     [id=6256, stack(0x0000004f2c100000,0x0000004f2c200000) (1024K)]
  0x0000015445c07700 WorkerThread "GC Thread#1"                     [id=9540, stack(0x0000004f2d000000,0x0000004f2d100000) (1024K)]
  0x0000015445818830 WorkerThread "GC Thread#2"                     [id=20172, stack(0x0000004f2d100000,0x0000004f2d200000) (1024K)]
  0x0000015445818be0 WorkerThread "GC Thread#3"                     [id=26932, stack(0x0000004f2d200000,0x0000004f2d300000) (1024K)]
  0x0000015445bb30b0 WorkerThread "GC Thread#4"                     [id=23060, stack(0x0000004f2d300000,0x0000004f2d400000) (1024K)]
  0x0000015445bb3460 WorkerThread "GC Thread#5"                     [id=25756, stack(0x0000004f2d400000,0x0000004f2d500000) (1024K)]
  0x0000015445804ac0 WorkerThread "GC Thread#6"                     [id=24000, stack(0x0000004f2d500000,0x0000004f2d600000) (1024K)]
  0x0000015445803850 WorkerThread "GC Thread#7"                     [id=15952, stack(0x0000004f2bd00000,0x0000004f2be00000) (1024K)]
Total: 10

Threads with active compile tasks:
C2 CompilerThread0  384703 10618   !   4       org.eclipse.jdt.internal.core.search.indexing.BinaryIndexer::indexDocument (1172 bytes)
C2 CompilerThread1  384703 10725       4       org.eclipse.jdt.internal.core.search.indexing.BinaryIndexer::decodeReturnType (407 bytes)
C2 CompilerThread2  384703 10672       4       org.eclipse.jdt.internal.core.search.indexing.BinaryIndexer::extractReferenceFromConstantPool (358 bytes)
Total: 3

VM state: at safepoint (normal execution)

VM Mutex/Monitor currently owned by a thread:  ([mutex/lock_event])
[0x00007ffff80ce560] Threads_lock - owner thread: 0x00000154635a3140
[0x00007ffff80ce660] Heap_lock - owner thread: 0x0000015445240da0

Heap address: 0x0000000080000000, size: 2048 MB, Compressed Oops mode: 32-bit

CDS archive(s) mapped at: [0x0000015400000000-0x0000015400ba0000-0x0000015400ba0000), size 12189696, SharedBaseAddress: 0x0000015400000000, ArchiveRelocationMode: 1.
Compressed class space mapped at: 0x0000015401000000-0x0000015441000000, reserved size: 1073741824
Narrow klass base: 0x0000015400000000, Narrow klass shift: 0, Narrow klass range: 0x100000000

GC Precious Log:
 CardTable entry size: 512
 CPUs: 8 total, 8 available
 Memory: 7931M
 Large Page Support: Disabled
 NUMA Support: Disabled
 Compressed Oops: Enabled (32-bit)
 Alignments: Space 512K, Generation 512K, Heap 2M
 Heap Min Capacity: 100M
 Heap Initial Capacity: 100M
 Heap Max Capacity: 2G
 Pre-touch: Disabled
 Parallel Workers: 8

Heap:
 PSYoungGen      total 14336K, used 2811K [0x00000000d5580000, 0x00000000d6900000, 0x0000000100000000)
  eden space 11264K, 1% used [0x00000000d5580000,0x00000000d55b61e8,0x00000000d6080000)
  from space 3072K, 84% used [0x00000000d6600000,0x00000000d6888de0,0x00000000d6900000)
  to   space 3584K, 0% used [0x00000000d6200000,0x00000000d6200000,0x00000000d6580000)
 ParOldGen       total 95232K, used 94866K [0x0000000080000000, 0x0000000085d00000, 0x00000000d5580000)
  object space 95232K, 99% used [0x0000000080000000,0x0000000085ca4a78,0x0000000085d00000)
 Metaspace       used 75459K, committed 76928K, reserved 1179648K
  class space    used 9386K, committed 10048K, reserved 1048576K

Card table byte_map: [0x0000015462fd0000,0x00000154633e0000] _byte_map_base: 0x0000015462bd0000

Marking Bits: (ParMarkBitMap*) 0x00007ffff80d3450
 Begin Bits: [0x0000015475ae0000, 0x0000015477ae0000)
 End Bits:   [0x0000015477ae0000, 0x0000015479ae0000)

Polling page: 0x00000154614a0000

Metaspace:

Usage:
  Non-class:     64.52 MB used.
      Class:      9.17 MB used.
       Both:     73.69 MB used.

Virtual space:
  Non-class space:      128.00 MB reserved,      65.31 MB ( 51%) committed,  2 nodes.
      Class space:        1.00 GB reserved,       9.81 MB ( <1%) committed,  1 nodes.
             Both:        1.12 GB reserved,      75.12 MB (  7%) committed. 

Chunk freelists:
   Non-Class:  14.62 MB
       Class:  6.14 MB
        Both:  20.77 MB

MaxMetaspaceSize: unlimited
CompressedClassSpaceSize: 1.00 GB
Initial GC threshold: 21.00 MB
Current GC threshold: 97.31 MB
CDS: on
 - commit_granule_bytes: 65536.
 - commit_granule_words: 8192.
 - virtual_space_node_default_size: 8388608.
 - enlarge_chunks_in_place: 1.
 - use_allocation_guard: 0.


Internal statistics:

num_allocs_failed_limit: 9.
num_arena_births: 1476.
num_arena_deaths: 14.
num_vsnodes_births: 3.
num_vsnodes_deaths: 0.
num_space_committed: 1202.
num_space_uncommitted: 0.
num_chunks_returned_to_freelist: 23.
num_chunks_taken_from_freelist: 4669.
num_chunk_merges: 14.
num_chunk_splits: 2993.
num_chunks_enlarged: 1868.
num_inconsistent_stats: 0.

CodeHeap 'non-profiled nmethods': size=120000Kb used=7975Kb max_used=7975Kb free=112024Kb
 bounds [0x000001546e300000, 0x000001546ead0000, 0x0000015475830000]
CodeHeap 'profiled nmethods': size=120000Kb used=20164Kb max_used=20164Kb free=99835Kb
 bounds [0x0000015466830000, 0x0000015467bf0000, 0x000001546dd60000]
CodeHeap 'non-nmethods': size=5760Kb used=1468Kb max_used=1527Kb free=4292Kb
 bounds [0x000001546dd60000, 0x000001546dfd0000, 0x000001546e300000]
CodeCache: size=245760Kb, used=29607Kb, max_used=29666Kb, free=216151Kb
 total_blobs=10637, nmethods=9865, adapters=678, full_count=0
Compilation: enabled, stopped_count=0, restarted_count=0

Compilation events (20 events):
Event: 380.111 Thread 0x00000154635bad80 10669       3       java.io.FileOutputStream::<init> (7 bytes)
Event: 380.112 Thread 0x00000154635bad80 nmethod 10669 0x0000015467bbb610 code [0x0000015467bbb7c0, 0x0000015467bbb900]
Event: 380.136 Thread 0x0000015447984050 10670       4       org.eclipse.jdt.internal.compiler.util.HashtableOfObject::rehash (84 bytes)
Event: 380.158 Thread 0x0000015447984050 nmethod 10670 0x000001546eaa5b10 code [0x000001546eaa5d40, 0x000001546eaa6738]
Event: 380.158 Thread 0x0000015447984050 10672       4       org.eclipse.jdt.internal.core.search.indexing.BinaryIndexer::extractReferenceFromConstantPool (358 bytes)
Event: 380.179 Thread 0x00000154635bad80 10673   !   3       java.io.File::toPath (54 bytes)
Event: 380.179 Thread 0x00000154635bad80 nmethod 10673 0x0000015467bbb990 code [0x0000015467bbbb80, 0x0000015467bbc168]
Event: 380.323 Thread 0x00000154635bad80 10678       1       org.eclipse.jdt.internal.compiler.classfmt.FieldInfoWithAnnotation::getAnnotations (5 bytes)
Event: 383.337 Thread 0x00000154635bad80 nmethod 10678 0x000001546eaa6d90 code [0x000001546eaa6f20, 0x000001546eaa6fe8]
Event: 383.337 Thread 0x00000154635bad80 10680       3       java.util.StringTokenizer::countTokens (46 bytes)
Event: 383.339 Thread 0x00000154635bad80 nmethod 10680 0x0000015467bbc390 code [0x0000015467bbc560, 0x0000015467bbc800]
Event: 383.339 Thread 0x00000154635bad80 10679       3       java.lang.StringBuffer::<init> (7 bytes)
Event: 383.339 Thread 0x00000154635bad80 nmethod 10679 0x0000015467bbc910 code [0x0000015467bbcac0, 0x0000015467bbcc00]
Event: 383.339 Thread 0x00000154635bad80 10681       3       com.sun.org.apache.xerces.internal.impl.XMLEntityScanner::setCurrentEntity (24 bytes)
Event: 383.340 Thread 0x00000154635bad80 nmethod 10681 0x0000015467bbcc90 code [0x0000015467bbce40, 0x0000015467bbcfc8]
Event: 383.340 Thread 0x00000154635bad80 10683       3       com.sun.org.apache.xerces.internal.dom.DeferredDocumentImpl::getNodeValueString (435 bytes)
Event: 383.346 Thread 0x00000154635bad80 nmethod 10683 0x0000015467bbd090 code [0x0000015467bbd540, 0x0000015467bbf738]
Event: 383.346 Thread 0x00000154635bad80 10682       3       com.sun.org.apache.xerces.internal.dom.DeferredDocumentImpl::getNodeValueString (7 bytes)
Event: 383.346 Thread 0x00000154635bad80 nmethod 10682 0x0000015467bc0610 code [0x0000015467bc07c0, 0x0000015467bc0920]
Event: 384.354 Thread 0x00000154635bad80 10684  s    3       org.eclipse.core.internal.jobs.OrderedLock::attempt (50 bytes)

GC Heap History (20 events):
Event: 378.478 GC heap before
{Heap before GC invocations=106 (full 3):
 PSYoungGen      total 12800K, used 12384K [0x00000000d5580000, 0x00000000d6380000, 0x0000000100000000)
  eden space 11264K, 100% used [0x00000000d5580000,0x00000000d6080000,0x00000000d6080000)
  from space 1536K, 72% used [0x00000000d6200000,0x00000000d6318000,0x00000000d6380000)
  to   space 1536K, 0% used [0x00000000d6080000,0x00000000d6080000,0x00000000d6200000)
 ParOldGen       total 68608K, used 65917K [0x0000000080000000, 0x0000000084300000, 0x00000000d5580000)
  object space 68608K, 96% used [0x0000000080000000,0x000000008405f708,0x0000000084300000)
 Metaspace       used 74385K, committed 75904K, reserved 1179648K
  class space    used 9309K, committed 9984K, reserved 1048576K
}
Event: 378.480 GC heap after
{Heap after GC invocations=106 (full 3):
 PSYoungGen      total 12800K, used 1024K [0x00000000d5580000, 0x00000000d6380000, 0x0000000100000000)
  eden space 11264K, 0% used [0x00000000d5580000,0x00000000d5580000,0x00000000d6080000)
  from space 1536K, 66% used [0x00000000d6080000,0x00000000d6180000,0x00000000d6200000)
  to   space 1536K, 0% used [0x00000000d6200000,0x00000000d6200000,0x00000000d6380000)
 ParOldGen       total 68608K, used 66926K [0x0000000080000000, 0x0000000084300000, 0x00000000d5580000)
  object space 68608K, 97% used [0x0000000080000000,0x000000008415b908,0x0000000084300000)
 Metaspace       used 74385K, committed 75904K, reserved 1179648K
  class space    used 9309K, committed 9984K, reserved 1048576K
}
Event: 378.822 GC heap before
{Heap before GC invocations=107 (full 3):
 PSYoungGen      total 12800K, used 12288K [0x00000000d5580000, 0x00000000d6380000, 0x0000000100000000)
  eden space 11264K, 100% used [0x00000000d5580000,0x00000000d6080000,0x00000000d6080000)
  from space 1536K, 66% used [0x00000000d6080000,0x00000000d6180000,0x00000000d6200000)
  to   space 1536K, 0% used [0x00000000d6200000,0x00000000d6200000,0x00000000d6380000)
 ParOldGen       total 68608K, used 66926K [0x0000000080000000, 0x0000000084300000, 0x00000000d5580000)
  object space 68608K, 97% used [0x0000000080000000,0x000000008415b908,0x0000000084300000)
 Metaspace       used 74965K, committed 76416K, reserved 1179648K
  class space    used 9359K, committed 9984K, reserved 1048576K
}
Event: 378.828 GC heap after
{Heap after GC invocations=107 (full 3):
 PSYoungGen      total 12800K, used 1088K [0x00000000d5580000, 0x00000000d6380000, 0x0000000100000000)
  eden space 11264K, 0% used [0x00000000d5580000,0x00000000d5580000,0x00000000d6080000)
  from space 1536K, 70% used [0x00000000d6200000,0x00000000d6310000,0x00000000d6380000)
  to   space 1536K, 0% used [0x00000000d6080000,0x00000000d6080000,0x00000000d6200000)
 ParOldGen       total 68608K, used 67827K [0x0000000080000000, 0x0000000084300000, 0x00000000d5580000)
  object space 68608K, 98% used [0x0000000080000000,0x000000008423cc60,0x0000000084300000)
 Metaspace       used 74965K, committed 76416K, reserved 1179648K
  class space    used 9359K, committed 9984K, reserved 1048576K
}
Event: 379.123 GC heap before
{Heap before GC invocations=108 (full 3):
 PSYoungGen      total 12800K, used 12352K [0x00000000d5580000, 0x00000000d6380000, 0x0000000100000000)
  eden space 11264K, 100% used [0x00000000d5580000,0x00000000d6080000,0x00000000d6080000)
  from space 1536K, 70% used [0x00000000d6200000,0x00000000d6310000,0x00000000d6380000)
  to   space 1536K, 0% used [0x00000000d6080000,0x00000000d6080000,0x00000000d6200000)
 ParOldGen       total 68608K, used 67827K [0x0000000080000000, 0x0000000084300000, 0x00000000d5580000)
  object space 68608K, 98% used [0x0000000080000000,0x000000008423cc60,0x0000000084300000)
 Metaspace       used 75159K, committed 76672K, reserved 1179648K
  class space    used 9372K, committed 10048K, reserved 1048576K
}
Event: 379.125 GC heap after
{Heap after GC invocations=108 (full 3):
 PSYoungGen      total 12800K, used 1513K [0x00000000d5580000, 0x00000000d6680000, 0x0000000100000000)
  eden space 11264K, 0% used [0x00000000d5580000,0x00000000d5580000,0x00000000d6080000)
  from space 1536K, 98% used [0x00000000d6080000,0x00000000d61fa5d8,0x00000000d6200000)
  to   space 3072K, 0% used [0x00000000d6380000,0x00000000d6380000,0x00000000d6680000)
 ParOldGen       total 69120K, used 69059K [0x0000000080000000, 0x0000000084380000, 0x00000000d5580000)
  object space 69120K, 99% used [0x0000000080000000,0x0000000084370c60,0x0000000084380000)
 Metaspace       used 75159K, committed 76672K, reserved 1179648K
  class space    used 9372K, committed 10048K, reserved 1048576K
}
Event: 379.312 GC heap before
{Heap before GC invocations=109 (full 3):
 PSYoungGen      total 12800K, used 12777K [0x00000000d5580000, 0x00000000d6680000, 0x0000000100000000)
  eden space 11264K, 100% used [0x00000000d5580000,0x00000000d6080000,0x00000000d6080000)
  from space 1536K, 98% used [0x00000000d6080000,0x00000000d61fa5d8,0x00000000d6200000)
  to   space 3072K, 0% used [0x00000000d6380000,0x00000000d6380000,0x00000000d6680000)
 ParOldGen       total 69120K, used 69059K [0x0000000080000000, 0x0000000084380000, 0x00000000d5580000)
  object space 69120K, 99% used [0x0000000080000000,0x0000000084370c60,0x0000000084380000)
 Metaspace       used 75326K, committed 76864K, reserved 1179648K
  class space    used 9380K, committed 10048K, reserved 1048576K
}
Event: 379.318 GC heap after
{Heap after GC invocations=109 (full 3):
 PSYoungGen      total 14336K, used 2505K [0x00000000d5580000, 0x00000000d6680000, 0x0000000100000000)
  eden space 11264K, 0% used [0x00000000d5580000,0x00000000d5580000,0x00000000d6080000)
  from space 3072K, 81% used [0x00000000d6380000,0x00000000d65f2498,0x00000000d6680000)
  to   space 3072K, 0% used [0x00000000d6080000,0x00000000d6080000,0x00000000d6380000)
 ParOldGen       total 70656K, used 70526K [0x0000000080000000, 0x0000000084500000, 0x00000000d5580000)
  object space 70656K, 99% used [0x0000000080000000,0x00000000844df9d0,0x0000000084500000)
 Metaspace       used 75326K, committed 76864K, reserved 1179648K
  class space    used 9380K, committed 10048K, reserved 1048576K
}
Event: 379.505 GC heap before
{Heap before GC invocations=110 (full 3):
 PSYoungGen      total 14336K, used 13769K [0x00000000d5580000, 0x00000000d6680000, 0x0000000100000000)
  eden space 11264K, 100% used [0x00000000d5580000,0x00000000d6080000,0x00000000d6080000)
  from space 3072K, 81% used [0x00000000d6380000,0x00000000d65f2498,0x00000000d6680000)
  to   space 3072K, 0% used [0x00000000d6080000,0x00000000d6080000,0x00000000d6380000)
 ParOldGen       total 70656K, used 70526K [0x0000000080000000, 0x0000000084500000, 0x00000000d5580000)
  object space 70656K, 99% used [0x0000000080000000,0x00000000844df9d0,0x0000000084500000)
 Metaspace       used 75377K, committed 76864K, reserved 1179648K
  class space    used 9383K, committed 10048K, reserved 1048576K
}
Event: 379.508 GC heap after
{Heap after GC invocations=110 (full 3):
 PSYoungGen      total 14336K, used 2784K [0x00000000d5580000, 0x00000000d6680000, 0x0000000100000000)
  eden space 11264K, 0% used [0x00000000d5580000,0x00000000d5580000,0x00000000d6080000)
  from space 3072K, 90% used [0x00000000d6080000,0x00000000d63380c8,0x00000000d6380000)
  to   space 3072K, 0% used [0x00000000d6380000,0x00000000d6380000,0x00000000d6680000)
 ParOldGen       total 73216K, used 72949K [0x0000000080000000, 0x0000000084780000, 0x00000000d5580000)
  object space 73216K, 99% used [0x0000000080000000,0x000000008473d7a0,0x0000000084780000)
 Metaspace       used 75377K, committed 76864K, reserved 1179648K
  class space    used 9383K, committed 10048K, reserved 1048576K
}
Event: 379.634 GC heap before
{Heap before GC invocations=111 (full 3):
 PSYoungGen      total 14336K, used 14048K [0x00000000d5580000, 0x00000000d6680000, 0x0000000100000000)
  eden space 11264K, 100% used [0x00000000d5580000,0x00000000d6080000,0x00000000d6080000)
  from space 3072K, 90% used [0x00000000d6080000,0x00000000d63380c8,0x00000000d6380000)
  to   space 3072K, 0% used [0x00000000d6380000,0x00000000d6380000,0x00000000d6680000)
 ParOldGen       total 73216K, used 72949K [0x0000000080000000, 0x0000000084780000, 0x00000000d5580000)
  object space 73216K, 99% used [0x0000000080000000,0x000000008473d7a0,0x0000000084780000)
 Metaspace       used 75388K, committed 76864K, reserved 1179648K
  class space    used 9383K, committed 10048K, reserved 1048576K
}
Event: 379.638 GC heap after
{Heap after GC invocations=111 (full 3):
 PSYoungGen      total 14336K, used 2813K [0x00000000d5580000, 0x00000000d6680000, 0x0000000100000000)
  eden space 11264K, 0% used [0x00000000d5580000,0x00000000d5580000,0x00000000d6080000)
  from space 3072K, 91% used [0x00000000d6380000,0x00000000d663f710,0x00000000d6680000)
  to   space 3072K, 0% used [0x00000000d6080000,0x00000000d6080000,0x00000000d6380000)
 ParOldGen       total 75776K, used 75575K [0x0000000080000000, 0x0000000084a00000, 0x00000000d5580000)
  object space 75776K, 99% used [0x0000000080000000,0x00000000849cddd0,0x0000000084a00000)
 Metaspace       used 75388K, committed 76864K, reserved 1179648K
  class space    used 9383K, committed 10048K, reserved 1048576K
}
Event: 379.762 GC heap before
{Heap before GC invocations=112 (full 3):
 PSYoungGen      total 14336K, used 14077K [0x00000000d5580000, 0x00000000d6680000, 0x0000000100000000)
  eden space 11264K, 100% used [0x00000000d5580000,0x00000000d6080000,0x00000000d6080000)
  from space 3072K, 91% used [0x00000000d6380000,0x00000000d663f710,0x00000000d6680000)
  to   space 3072K, 0% used [0x00000000d6080000,0x00000000d6080000,0x00000000d6380000)
 ParOldGen       total 75776K, used 75575K [0x0000000080000000, 0x0000000084a00000, 0x00000000d5580000)
  object space 75776K, 99% used [0x0000000080000000,0x00000000849cddd0,0x0000000084a00000)
 Metaspace       used 75389K, committed 76864K, reserved 1179648K
  class space    used 9383K, committed 10048K, reserved 1048576K
}
Event: 379.767 GC heap after
{Heap after GC invocations=112 (full 3):
 PSYoungGen      total 14336K, used 2534K [0x00000000d5580000, 0x00000000d6680000, 0x0000000100000000)
  eden space 11264K, 0% used [0x00000000d5580000,0x00000000d5580000,0x00000000d6080000)
  from space 3072K, 82% used [0x00000000d6080000,0x00000000d62f9a30,0x00000000d6380000)
  to   space 3072K, 0% used [0x00000000d6380000,0x00000000d6380000,0x00000000d6680000)
 ParOldGen       total 78336K, used 78226K [0x0000000080000000, 0x0000000084c80000, 0x00000000d5580000)
  object space 78336K, 99% used [0x0000000080000000,0x0000000084c64ad8,0x0000000084c80000)
 Metaspace       used 75389K, committed 76864K, reserved 1179648K
  class space    used 9383K, committed 10048K, reserved 1048576K
}
Event: 379.884 GC heap before
{Heap before GC invocations=113 (full 3):
 PSYoungGen      total 14336K, used 13149K [0x00000000d5580000, 0x00000000d6680000, 0x0000000100000000)
  eden space 11264K, 94% used [0x00000000d5580000,0x00000000d5fddcf8,0x00000000d6080000)
  from space 3072K, 82% used [0x00000000d6080000,0x00000000d62f9a30,0x00000000d6380000)
  to   space 3072K, 0% used [0x00000000d6380000,0x00000000d6380000,0x00000000d6680000)
 ParOldGen       total 78336K, used 78226K [0x0000000080000000, 0x0000000084c80000, 0x00000000d5580000)
  object space 78336K, 99% used [0x0000000080000000,0x0000000084c64ad8,0x0000000084c80000)
 Metaspace       used 75399K, committed 76928K, reserved 1179648K
  class space    used 9383K, committed 10048K, reserved 1048576K
}
Event: 379.888 GC heap after
{Heap after GC invocations=113 (full 3):
 PSYoungGen      total 13824K, used 2118K [0x00000000d5580000, 0x00000000d6600000, 0x0000000100000000)
  eden space 11264K, 0% used [0x00000000d5580000,0x00000000d5580000,0x00000000d6080000)
  from space 2560K, 82% used [0x00000000d6380000,0x00000000d6591828,0x00000000d6600000)
  to   space 2560K, 0% used [0x00000000d6100000,0x00000000d6100000,0x00000000d6380000)
 ParOldGen       total 80896K, used 80574K [0x0000000080000000, 0x0000000084f00000, 0x00000000d5580000)
  object space 80896K, 99% used [0x0000000080000000,0x0000000084eaf938,0x0000000084f00000)
 Metaspace       used 75399K, committed 76928K, reserved 1179648K
  class space    used 9383K, committed 10048K, reserved 1048576K
}
Event: 380.092 GC heap before
{Heap before GC invocations=114 (full 3):
 PSYoungGen      total 13824K, used 13382K [0x00000000d5580000, 0x00000000d6600000, 0x0000000100000000)
  eden space 11264K, 100% used [0x00000000d5580000,0x00000000d6080000,0x00000000d6080000)
  from space 2560K, 82% used [0x00000000d6380000,0x00000000d6591828,0x00000000d6600000)
  to   space 2560K, 0% used [0x00000000d6100000,0x00000000d6100000,0x00000000d6380000)
 ParOldGen       total 80896K, used 80574K [0x0000000080000000, 0x0000000084f00000, 0x00000000d5580000)
  object space 80896K, 99% used [0x0000000080000000,0x0000000084eaf938,0x0000000084f00000)
 Metaspace       used 75411K, committed 76928K, reserved 1179648K
  class space    used 9383K, committed 10048K, reserved 1048576K
}
Event: 380.096 GC heap after
{Heap after GC invocations=114 (full 3):
 PSYoungGen      total 13824K, used 2551K [0x00000000d5580000, 0x00000000d6a80000, 0x0000000100000000)
  eden space 11264K, 0% used [0x00000000d5580000,0x00000000d5580000,0x00000000d6080000)
  from space 2560K, 99% used [0x00000000d6100000,0x00000000d637df00,0x00000000d6380000)
  to   space 5120K, 0% used [0x00000000d6580000,0x00000000d6580000,0x00000000d6a80000)
 ParOldGen       total 82944K, used 82659K [0x0000000080000000, 0x0000000085100000, 0x00000000d5580000)
  object space 82944K, 99% used [0x0000000080000000,0x00000000850b8d60,0x0000000085100000)
 Metaspace       used 75411K, committed 76928K, reserved 1179648K
  class space    used 9383K, committed 10048K, reserved 1048576K
}
Event: 380.245 GC heap before
{Heap before GC invocations=115 (full 3):
 PSYoungGen      total 13824K, used 13815K [0x00000000d5580000, 0x00000000d6a80000, 0x0000000100000000)
  eden space 11264K, 100% used [0x00000000d5580000,0x00000000d6080000,0x00000000d6080000)
  from space 2560K, 99% used [0x00000000d6100000,0x00000000d637df00,0x00000000d6380000)
  to   space 5120K, 0% used [0x00000000d6580000,0x00000000d6580000,0x00000000d6a80000)
 ParOldGen       total 82944K, used 82659K [0x0000000080000000, 0x0000000085100000, 0x00000000d5580000)
  object space 82944K, 99% used [0x0000000080000000,0x00000000850b8d60,0x0000000085100000)
 Metaspace       used 75416K, committed 76928K, reserved 1179648K
  class space    used 9383K, committed 10048K, reserved 1048576K
}
Event: 380.251 GC heap after
{Heap after GC invocations=115 (full 3):
 PSYoungGen      total 14336K, used 2958K [0x00000000d5580000, 0x00000000d6880000, 0x0000000100000000)
  eden space 11264K, 0% used [0x00000000d5580000,0x00000000d5580000,0x00000000d6080000)
  from space 3072K, 96% used [0x00000000d6580000,0x00000000d6863940,0x00000000d6880000)
  to   space 3584K, 0% used [0x00000000d6180000,0x00000000d6180000,0x00000000d6500000)
 ParOldGen       total 85504K, used 85085K [0x0000000080000000, 0x0000000085380000, 0x00000000d5580000)
  object space 85504K, 99% used [0x0000000080000000,0x0000000085317498,0x0000000085380000)
 Metaspace       used 75416K, committed 76928K, reserved 1179648K
  class space    used 9383K, committed 10048K, reserved 1048576K
}

Dll operation events (15 events):
Event: 0.020 Loaded shared library c:\Users\maafi\.vscode\extensions\redhat.java-1.54.0-win32-x64\jre\21.0.10-win32-x86_64\bin\java.dll
Event: 0.175 Loaded shared library c:\Users\maafi\.vscode\extensions\redhat.java-1.54.0-win32-x64\jre\21.0.10-win32-x86_64\bin\zip.dll
Event: 0.228 Loaded shared library C:\Users\maafi\.vscode\extensions\redhat.java-1.54.0-win32-x64\jre\21.0.10-win32-x86_64\bin\instrument.dll
Event: 0.238 Loaded shared library C:\Users\maafi\.vscode\extensions\redhat.java-1.54.0-win32-x64\jre\21.0.10-win32-x86_64\bin\net.dll
Event: 0.241 Loaded shared library C:\Users\maafi\.vscode\extensions\redhat.java-1.54.0-win32-x64\jre\21.0.10-win32-x86_64\bin\nio.dll
Event: 0.245 Loaded shared library C:\Users\maafi\.vscode\extensions\redhat.java-1.54.0-win32-x64\jre\21.0.10-win32-x86_64\bin\zip.dll
Event: 0.270 Loaded shared library C:\Users\maafi\.vscode\extensions\redhat.java-1.54.0-win32-x64\jre\21.0.10-win32-x86_64\bin\jimage.dll
Event: 0.519 Loaded shared library c:\Users\maafi\.vscode\extensions\redhat.java-1.54.0-win32-x64\jre\21.0.10-win32-x86_64\bin\verify.dll
Event: 33.469 Loaded shared library C:\Users\maafi\AppData\Roaming\Code\User\globalStorage\redhat.java\1.54.0\config_win\org.eclipse.equinox.launcher\org.eclipse.equinox.launcher.win32.win32.x86_64_1.3.0.v20260203-2149\eclipse_11919.dll
Event: 80.612 Loaded shared library C:\Users\maafi\.vscode\extensions\redhat.java-1.54.0-win32-x64\jre\21.0.10-win32-x86_64\bin\management.dll
Event: 80.806 Loaded shared library C:\Users\maafi\.vscode\extensions\redhat.java-1.54.0-win32-x64\jre\21.0.10-win32-x86_64\bin\management_ext.dll
Event: 106.621 Loaded shared library C:\Users\maafi\AppData\Local\Temp\jna-103650000\jna14282474236120739521.dll
Event: 107.943 Loaded shared library C:\Users\maafi\.vscode\extensions\redhat.java-1.54.0-win32-x64\jre\21.0.10-win32-x86_64\bin\sunmscapi.dll
Event: 108.312 Loaded shared library C:\Users\maafi\.vscode\extensions\redhat.java-1.54.0-win32-x64\jre\21.0.10-win32-x86_64\bin\extnet.dll
Event: 168.951 Loaded shared library C:\Users\maafi\.gradle\native\1def1411415f61bf3af743bc5b6707747c0891f09f0c88961ee8f79bc544acac\windows-amd64\native-platform.dll

Deoptimization events (20 events):
Event: 380.144 Thread 0x0000015445240da0 DEOPT PACKING pc=0x0000015467a427e2 sp=0x0000004f2e0feab0
Event: 380.144 Thread 0x0000015445240da0 DEOPT UNPACKING pc=0x000001546ddb78e2 sp=0x0000004f2e0fe028 mode 0
Event: 380.146 Thread 0x0000015445240da0 DEOPT PACKING pc=0x0000015467bb01d3 sp=0x0000004f2e0feae0
Event: 380.146 Thread 0x0000015445240da0 DEOPT UNPACKING pc=0x000001546ddb78e2 sp=0x0000004f2e0fe048 mode 0
Event: 380.196 Thread 0x0000015445240da0 DEOPT PACKING pc=0x0000015467bb01d3 sp=0x0000004f2e0feae0
Event: 380.196 Thread 0x0000015445240da0 DEOPT UNPACKING pc=0x000001546ddb78e2 sp=0x0000004f2e0fe048 mode 0
Event: 380.208 Thread 0x0000015445240da0 DEOPT PACKING pc=0x0000015467bb01d3 sp=0x0000004f2e0feae0
Event: 380.209 Thread 0x0000015445240da0 DEOPT UNPACKING pc=0x000001546ddb78e2 sp=0x0000004f2e0fe048 mode 0
Event: 380.210 Thread 0x0000015445240da0 DEOPT PACKING pc=0x0000015467a427e2 sp=0x0000004f2e0feab0
Event: 380.210 Thread 0x0000015445240da0 DEOPT UNPACKING pc=0x000001546ddb78e2 sp=0x0000004f2e0fe028 mode 0
Event: 380.223 Thread 0x0000015445240da0 DEOPT PACKING pc=0x0000015467bb01d3 sp=0x0000004f2e0feae0
Event: 380.223 Thread 0x0000015445240da0 DEOPT UNPACKING pc=0x000001546ddb78e2 sp=0x0000004f2e0fe048 mode 0
Event: 380.276 Thread 0x0000015445240da0 DEOPT PACKING pc=0x0000015467a427e2 sp=0x0000004f2e0feab0
Event: 380.276 Thread 0x0000015445240da0 DEOPT UNPACKING pc=0x000001546ddb78e2 sp=0x0000004f2e0fe028 mode 0
Event: 380.303 Thread 0x0000015445240da0 DEOPT PACKING pc=0x0000015467bb01d3 sp=0x0000004f2e0feae0
Event: 380.303 Thread 0x0000015445240da0 DEOPT UNPACKING pc=0x000001546ddb78e2 sp=0x0000004f2e0fe048 mode 0
Event: 383.320 Thread 0x0000015445240da0 DEOPT PACKING pc=0x0000015467a427e2 sp=0x0000004f2e0feab0
Event: 383.321 Thread 0x0000015445240da0 DEOPT UNPACKING pc=0x000001546ddb78e2 sp=0x0000004f2e0fe028 mode 0
Event: 384.354 Thread 0x0000015445240da0 DEOPT PACKING pc=0x0000015467a427e2 sp=0x0000004f2e0feab0
Event: 384.354 Thread 0x0000015445240da0 DEOPT UNPACKING pc=0x000001546ddb78e2 sp=0x0000004f2e0fe028 mode 0

Classes loaded (20 events):
Event: 377.140 Loading class sun/nio/ch/FileChannelImpl$Unmapper done
Event: 377.140 Loading class sun/nio/ch/FileChannelImpl$DefaultUnmapper done
Event: 377.141 Loading class sun/nio/ch/Util$4
Event: 377.141 Loading class sun/nio/ch/Util$4 done
Event: 377.162 Loading class java/nio/file/ClosedDirectoryStreamException
Event: 377.162 Loading class java/nio/file/ClosedDirectoryStreamException done
Event: 377.162 Loading class jdk/internal/jrtfs/JrtFileSystem
Event: 377.163 Loading class jdk/internal/jrtfs/JrtFileSystem done
Event: 377.164 Loading class jdk/internal/jrtfs/JrtPath
Event: 377.165 Loading class jdk/internal/jrtfs/JrtPath done
Event: 377.165 Loading class jdk/internal/jimage/ImageReader$Node
Event: 377.165 Loading class jdk/internal/jimage/ImageReader$Node done
Event: 377.177 Loading class java/nio/ByteBufferAsIntBufferL
Event: 377.178 Loading class java/nio/ByteBufferAsIntBufferL done
Event: 377.188 Loading class jdk/internal/jimage/ImageReader$Directory
Event: 377.188 Loading class jdk/internal/jimage/ImageReader$Directory done
Event: 377.866 Loading class java/nio/channels/Channels$ReadableByteChannelImpl
Event: 377.869 Loading class java/nio/channels/Channels$ReadableByteChannelImpl done
Event: 377.870 Loading class java/nio/channels/NonWritableChannelException
Event: 377.870 Loading class java/nio/channels/NonWritableChannelException done

Classes unloaded (7 events):
Event: 89.493 Thread 0x00000154635a3140 Unloading class 0x00000154011a4000 'java/lang/invoke/LambdaForm$MH+0x00000154011a4000'
Event: 89.494 Thread 0x00000154635a3140 Unloading class 0x00000154011a3c00 'java/lang/invoke/LambdaForm$MH+0x00000154011a3c00'
Event: 89.494 Thread 0x00000154635a3140 Unloading class 0x00000154011a3800 'java/lang/invoke/LambdaForm$MH+0x00000154011a3800'
Event: 89.494 Thread 0x00000154635a3140 Unloading class 0x00000154011a3400 'java/lang/invoke/LambdaForm$MH+0x00000154011a3400'
Event: 89.494 Thread 0x00000154635a3140 Unloading class 0x00000154011a3000 'java/lang/invoke/LambdaForm$BMH+0x00000154011a3000'
Event: 89.494 Thread 0x00000154635a3140 Unloading class 0x00000154011a2c00 'java/lang/invoke/LambdaForm$DMH+0x00000154011a2c00'
Event: 89.494 Thread 0x00000154635a3140 Unloading class 0x00000154011a1800 'java/lang/invoke/LambdaForm$DMH+0x00000154011a1800'

Classes redefined (0 events):
No events

Internal exceptions (20 events):
Event: 375.710 Thread 0x0000015445242e70 Exception <a 'sun/nio/fs/WindowsException'{0x00000000d5d3e0b0}> (0x00000000d5d3e0b0) 
thrown [s\src\hotspot\share\prims\jni.cpp, line 520]
Event: 375.720 Thread 0x0000015445242e70 Exception <a 'sun/nio/fs/WindowsException'{0x00000000d5d74b70}> (0x00000000d5d74b70) 
thrown [s\src\hotspot\share\prims\jni.cpp, line 520]
Event: 375.722 Thread 0x0000015445242e70 Exception <a 'sun/nio/fs/WindowsException'{0x00000000d5d795b0}> (0x00000000d5d795b0) 
thrown [s\src\hotspot\share\prims\jni.cpp, line 520]
Event: 375.725 Thread 0x0000015445242e70 Exception <a 'sun/nio/fs/WindowsException'{0x00000000d5d83268}> (0x00000000d5d83268) 
thrown [s\src\hotspot\share\prims\jni.cpp, line 520]
Event: 376.671 Thread 0x0000015445242e70 Exception <a 'sun/nio/fs/WindowsException'{0x00000000d5dbb550}> (0x00000000d5dbb550) 
thrown [s\src\hotspot\share\prims\jni.cpp, line 520]
Event: 376.671 Thread 0x0000015445242e70 Exception <a 'sun/nio/fs/WindowsException'{0x00000000d5dbc0e0}> (0x00000000d5dbc0e0) 
thrown [s\src\hotspot\share\prims\jni.cpp, line 520]
Event: 377.143 Thread 0x0000015445242e70 Implicit null exception at 0x000001546e5a8df7 to 0x000001546e5a9068
Event: 377.145 Thread 0x0000015445242e70 Exception <a 'java/lang/NoSuchMethodError'{0x00000000d6069990}: 'java.lang.Object java.lang.invoke.DelegatingMethodHandle$Holder.reinvoke_L(java.lang.Object, int, long, java.lang.Object, java.lang.Object, int, java.lang.Object)'> (0x00000000d6069990) 
thrown [s\src\hotspot\share\interpreter\linkResolver.cpp, line 773]
Event: 377.475 Thread 0x0000015445242e70 Exception <a 'java/lang/NoSuchMethodError'{0x00000000d5902af8}: 'java.lang.Object java.lang.invoke.Invokers$Holder.invoke_MT(java.lang.Object, java.lang.Object, java.lang.Object, java.lang.Object, java.lang.Object, java.lang.Object, java.lang.Object, java.lang.Object, java.lang.Object, java.lang.Object)'> (0x00000000d5902af8) 
thrown [s\src\hotspot\share\interpreter\linkResolver.cpp, line 773]
Event: 379.382 Thread 0x0000015445240da0 Implicit null exception at 0x000001546ea3e469 to 0x000001546ea3e63c
Event: 379.430 Thread 0x0000015445242e70 Exception <a 'sun/nio/fs/WindowsException'{0x00000000d5b2c960}> (0x00000000d5b2c960) 
thrown [s\src\hotspot\share\prims\jni.cpp, line 520]
Event: 379.430 Thread 0x0000015445242e70 Exception <a 'sun/nio/fs/WindowsException'{0x00000000d5b2d4d8}> (0x00000000d5b2d4d8) 
thrown [s\src\hotspot\share\prims\jni.cpp, line 520]
Event: 379.878 Thread 0x0000015445242e70 Exception <a 'sun/nio/fs/WindowsException'{0x00000000d5f91c48}> (0x00000000d5f91c48) 
thrown [s\src\hotspot\share\prims\jni.cpp, line 520]
Event: 379.879 Thread 0x0000015445242e70 Exception <a 'sun/nio/fs/WindowsException'{0x00000000d5f92a58}> (0x00000000d5f92a58) 
thrown [s\src\hotspot\share\prims\jni.cpp, line 520]
Event: 379.880 Thread 0x0000015445242e70 Exception <a 'sun/nio/fs/WindowsException'{0x00000000d5f94970}> (0x00000000d5f94970) 
thrown [s\src\hotspot\share\prims\jni.cpp, line 520]
Event: 379.880 Thread 0x0000015445242e70 Exception <a 'sun/nio/fs/WindowsException'{0x00000000d5f954e8}> (0x00000000d5f954e8) 
thrown [s\src\hotspot\share\prims\jni.cpp, line 520]
Event: 379.955 Thread 0x0000015445242e70 Exception <a 'sun/nio/fs/WindowsException'{0x00000000d5be0018}> (0x00000000d5be0018) 
thrown [s\src\hotspot\share\prims\jni.cpp, line 520]
Event: 380.075 Thread 0x0000015445242e70 Exception <a 'sun/nio/fs/WindowsException'{0x00000000d5ebc288}> (0x00000000d5ebc288) 
thrown [s\src\hotspot\share\prims\jni.cpp, line 520]
Event: 380.113 Thread 0x0000015445242e70 Exception <a 'sun/nio/fs/WindowsException'{0x00000000d5623f98}> (0x00000000d5623f98) 
thrown [s\src\hotspot\share\prims\jni.cpp, line 520]
Event: 380.412 Thread 0x0000015445242e70 Exception <a 'sun/nio/fs/WindowsException'{0x00000000d5def130}> (0x00000000d5def130) 
thrown [s\src\hotspot\share\prims\jni.cpp, line 520]

ZGC Phase Switch (0 events):
No events

VM Operations (20 events):
Event: 379.125 Executing safepoint VM operation: ParallelGCFailedAllocation (Allocation Failure) done
Event: 379.242 Executing non-safepoint VM operation: HandshakeAllThreads (Deoptimize)
Event: 379.242 Executing non-safepoint VM operation: HandshakeAllThreads (Deoptimize) done
Event: 379.312 Executing safepoint VM operation: ParallelGCFailedAllocation (Allocation Failure)
Event: 379.318 Executing safepoint VM operation: ParallelGCFailedAllocation (Allocation Failure) done
Event: 379.505 Executing safepoint VM operation: ParallelGCFailedAllocation (Allocation Failure)
Event: 379.508 Executing safepoint VM operation: ParallelGCFailedAllocation (Allocation Failure) done
Event: 379.634 Executing safepoint VM operation: ParallelGCFailedAllocation (Allocation Failure)
Event: 379.638 Executing safepoint VM operation: ParallelGCFailedAllocation (Allocation Failure) done
Event: 379.762 Executing safepoint VM operation: ParallelGCFailedAllocation (Allocation Failure)
Event: 379.767 Executing safepoint VM operation: ParallelGCFailedAllocation (Allocation Failure) done
Event: 379.884 Executing safepoint VM operation: ParallelGCFailedAllocation (Allocation Failure)
Event: 379.888 Executing safepoint VM operation: ParallelGCFailedAllocation (Allocation Failure) done
Event: 380.092 Executing safepoint VM operation: ParallelGCFailedAllocation (Allocation Failure)
Event: 380.096 Executing safepoint VM operation: ParallelGCFailedAllocation (Allocation Failure) done
Event: 380.245 Executing safepoint VM operation: ParallelGCFailedAllocation (Allocation Failure)
Event: 380.251 Executing safepoint VM operation: ParallelGCFailedAllocation (Allocation Failure) done
Event: 381.251 Executing safepoint VM operation: Cleanup
Event: 383.336 Executing safepoint VM operation: Cleanup done
Event: 384.342 Executing safepoint VM operation: Cleanup

Memory protections (0 events):
No events

Nmethod flushes (20 events):
Event: 209.849 Thread 0x00000154635a3140 flushing  nmethod 0x00000154671b6190
Event: 209.849 Thread 0x00000154635a3140 flushing  nmethod 0x00000154671d1210
Event: 209.849 Thread 0x00000154635a3140 flushing  nmethod 0x00000154671e3110
Event: 209.849 Thread 0x00000154635a3140 flushing  nmethod 0x00000154671f0990
Event: 209.849 Thread 0x00000154635a3140 flushing  nmethod 0x0000015467208210
Event: 209.849 Thread 0x00000154635a3140 flushing  nmethod 0x000001546720d310
Event: 209.849 Thread 0x00000154635a3140 flushing  nmethod 0x000001546721e410
Event: 209.849 Thread 0x00000154635a3140 flushing  nmethod 0x0000015467235b10
Event: 209.849 Thread 0x00000154635a3140 flushing  nmethod 0x0000015467237510
Event: 209.849 Thread 0x00000154635a3140 flushing  nmethod 0x0000015467240890
Event: 209.849 Thread 0x00000154635a3140 flushing  nmethod 0x0000015467243790
Event: 209.849 Thread 0x00000154635a3140 flushing  nmethod 0x0000015467243c10
Event: 209.849 Thread 0x00000154635a3140 flushing  nmethod 0x0000015467244010
Event: 209.849 Thread 0x00000154635a3140 flushing  nmethod 0x0000015467247c90
Event: 209.849 Thread 0x00000154635a3140 flushing  nmethod 0x000001546725bc90
Event: 209.849 Thread 0x00000154635a3140 flushing  nmethod 0x00000154672a0690
Event: 209.849 Thread 0x00000154635a3140 flushing  nmethod 0x00000154672a1810
Event: 209.849 Thread 0x00000154635a3140 flushing  nmethod 0x00000154672a4110
Event: 209.849 Thread 0x00000154635a3140 flushing  nmethod 0x00000154672a4690
Event: 209.849 Thread 0x00000154635a3140 flushing  nmethod 0x00000154672b7d10

Events (20 events):
Event: 372.404 Thread 0x0000015445241430 Thread exited: 0x0000015445241430
Event: 372.450 Thread 0x00000154469d92a0 Thread exited: 0x00000154469d92a0
Event: 372.774 Thread 0x0000015445242e70 Thread added: 0x0000015445241430
Event: 372.792 Thread 0x0000015447981e40 Thread exited: 0x0000015447981e40
Event: 372.792 Thread 0x0000015445242e70 Thread added: 0x0000015445241ac0
Event: 372.957 Thread 0x0000015445241ac0 Thread exited: 0x0000015445241ac0
Event: 372.967 Thread 0x0000015445242e70 Thread added: 0x0000015445241ac0
Event: 372.969 Thread 0x0000015445242e70 Thread added: 0x00000154469d92a0
Event: 373.008 Thread 0x00000154469d92a0 Thread exited: 0x00000154469d92a0
Event: 374.079 Thread 0x00000154635bad80 Thread added: 0x0000015447981770
Event: 374.107 Thread 0x00000154452427e0 Thread added: 0x00000154469d92a0
Event: 374.397 Thread 0x0000015447981770 Thread exited: 0x0000015447981770
Event: 376.299 Thread 0x00000154635ad480 Thread added: 0x0000015447984720
Event: 376.798 Thread 0x0000015447984720 Thread exited: 0x0000015447984720
Event: 377.287 Thread 0x00000154635bad80 Thread added: 0x0000015447982be0
Event: 377.595 Thread 0x00000154635bad80 Thread added: 0x0000015447984050
Event: 378.629 Thread 0x0000015445242150 Thread added: 0x000001544bebad20
Event: 378.657 Thread 0x0000015445242150 Thread added: 0x000001544beba690
Event: 378.966 Thread 0x000001544bebad20 Thread added: 0x000001544bebc0d0
Event: 379.427 Thread 0x0000015445242150 Thread added: 0x000001544bebc760


Dynamic libraries:
0x00007ff6ea520000 - 0x00007ff6ea52e000 	c:\Users\maafi\.vscode\extensions\redhat.java-1.54.0-win32-x64\jre\21.0.10-win32-x86_64\bin\java.exe
0x00007ff885640000 - 0x00007ff8858a6000 	C:\WINDOWS\SYSTEM32\ntdll.dll
0x00007ff8848f0000 - 0x00007ff8849b9000 	C:\WINDOWS\System32\KERNEL32.DLL
0x00007ff882b00000 - 0x00007ff882efa000 	C:\WINDOWS\System32\KERNELBASE.dll
0x00007ff883260000 - 0x00007ff8833ac000 	C:\WINDOWS\System32\ucrtbase.dll
0x00007ff811f70000 - 0x00007ff811f88000 	c:\Users\maafi\.vscode\extensions\redhat.java-1.54.0-win32-x64\jre\21.0.10-win32-x86_64\bin\jli.dll
0x00007ff884490000 - 0x00007ff884657000 	C:\WINDOWS\System32\USER32.dll
0x00007ff883170000 - 0x00007ff883197000 	C:\WINDOWS\System32\win32u.dll
0x00007ff883930000 - 0x00007ff88395b000 	C:\WINDOWS\System32\GDI32.dll
0x00007ff882f00000 - 0x00007ff88302b000 	C:\WINDOWS\System32\gdi32full.dll
0x00007ff8828d0000 - 0x00007ff882973000 	C:\WINDOWS\System32\msvcp_win.dll
0x00007ff811f50000 - 0x00007ff811f6e000 	c:\Users\maafi\.vscode\extensions\redhat.java-1.54.0-win32-x64\jre\21.0.10-win32-x86_64\bin\VCRUNTIME140.dll
0x00007ff870c10000 - 0x00007ff870ea2000 	C:\WINDOWS\WinSxS\amd64_microsoft.windows.common-controls_6595b64144ccf1df_6.0.26100.8521_none_3e08b75ce33403b3\COMCTL32.dll
0x00007ff8841c0000 - 0x00007ff884269000 	C:\WINDOWS\System32\msvcrt.dll
0x00007ff883960000 - 0x00007ff883992000 	C:\WINDOWS\System32\IMM32.DLL
0x00007ff8239a0000 - 0x00007ff8239ac000 	c:\Users\maafi\.vscode\extensions\redhat.java-1.54.0-win32-x64\jre\21.0.10-win32-x86_64\bin\vcruntime140_1.dll
0x00007ff811ec0000 - 0x00007ff811f4d000 	c:\Users\maafi\.vscode\extensions\redhat.java-1.54.0-win32-x64\jre\21.0.10-win32-x86_64\bin\msvcp140.dll
0x00007ffff7410000 - 0x00007ffff81b1000 	c:\Users\maafi\.vscode\extensions\redhat.java-1.54.0-win32-x64\jre\21.0.10-win32-x86_64\bin\server\jvm.dll
0x00007ff884660000 - 0x00007ff884716000 	C:\WINDOWS\System32\ADVAPI32.dll
0x00007ff884730000 - 0x00007ff8847da000 	C:\WINDOWS\System32\sechost.dll
0x00007ff8854e0000 - 0x00007ff8855f8000 	C:\WINDOWS\System32\RPCRT4.dll
0x00007ff8838a0000 - 0x00007ff883920000 	C:\WINDOWS\System32\WS2_32.dll
0x00007ff882750000 - 0x00007ff8827ae000 	C:\WINDOWS\SYSTEM32\POWRPROF.dll
0x00007ff870eb0000 - 0x00007ff870ee6000 	C:\WINDOWS\SYSTEM32\WINMM.dll
0x00007ff874c70000 - 0x00007ff874c7b000 	C:\WINDOWS\SYSTEM32\VERSION.dll
0x00007ff882730000 - 0x00007ff882744000 	C:\WINDOWS\SYSTEM32\UMPDC.dll
0x00007ff881630000 - 0x00007ff88164b000 	C:\WINDOWS\SYSTEM32\kernel.appcore.dll
0x00007ff813c00000 - 0x00007ff813c0a000 	c:\Users\maafi\.vscode\extensions\redhat.java-1.54.0-win32-x64\jre\21.0.10-win32-x86_64\bin\jimage.dll
0x00007ff880130000 - 0x00007ff880372000 	C:\WINDOWS\SYSTEM32\DBGHELP.DLL
0x00007ff884fe0000 - 0x00007ff885363000 	C:\WINDOWS\System32\combase.dll
0x00007ff885370000 - 0x00007ff885449000 	C:\WINDOWS\System32\OLEAUT32.dll
0x00007ff87ed70000 - 0x00007ff87edab000 	C:\WINDOWS\SYSTEM32\dbgcore.DLL
0x00007ff8830c0000 - 0x00007ff883168000 	C:\WINDOWS\System32\bcryptPrimitives.dll
0x00007ff812870000 - 0x00007ff81287f000 	c:\Users\maafi\.vscode\extensions\redhat.java-1.54.0-win32-x64\jre\21.0.10-win32-x86_64\bin\instrument.dll
0x00007ff811ea0000 - 0x00007ff811ec0000 	c:\Users\maafi\.vscode\extensions\redhat.java-1.54.0-win32-x64\jre\21.0.10-win32-x86_64\bin\java.dll
0x00007ff883a30000 - 0x00007ff8841b4000 	C:\WINDOWS\System32\SHELL32.dll
0x00007ff880470000 - 0x00007ff880cf0000 	C:\WINDOWS\SYSTEM32\windows.storage.dll
0x00007ff884d20000 - 0x00007ff884e16000 	C:\WINDOWS\System32\SHCORE.dll
0x00007ff884b50000 - 0x00007ff884bb7000 	C:\WINDOWS\System32\shlwapi.dll
0x00007ff8827f0000 - 0x00007ff882819000 	C:\WINDOWS\SYSTEM32\profapi.dll
0x00007ff8122f0000 - 0x00007ff812308000 	c:\Users\maafi\.vscode\extensions\redhat.java-1.54.0-win32-x64\jre\21.0.10-win32-x86_64\bin\zip.dll
0x00007ff813a90000 - 0x00007ff813aa0000 	C:\Users\maafi\.vscode\extensions\redhat.java-1.54.0-win32-x64\jre\21.0.10-win32-x86_64\bin\net.dll
0x00007ff879aa0000 - 0x00007ff879bc9000 	C:\WINDOWS\SYSTEM32\WINHTTP.dll
0x00007ff881bb0000 - 0x00007ff881c1c000 	C:\WINDOWS\system32\mswsock.dll
0x00007ff8122d0000 - 0x00007ff8122e6000 	C:\Users\maafi\.vscode\extensions\redhat.java-1.54.0-win32-x64\jre\21.0.10-win32-x86_64\bin\nio.dll
0x00007ff812280000 - 0x00007ff812290000 	c:\Users\maafi\.vscode\extensions\redhat.java-1.54.0-win32-x64\jre\21.0.10-win32-x86_64\bin\verify.dll
0x00007ff811d30000 - 0x00007ff811d75000 	C:\Users\maafi\AppData\Roaming\Code\User\globalStorage\redhat.java\1.54.0\config_win\org.eclipse.equinox.launcher\org.eclipse.equinox.launcher.win32.win32.x86_64_1.3.0.v20260203-2149\eclipse_11919.dll
0x00007ff884e40000 - 0x00007ff884fd8000 	C:\WINDOWS\System32\ole32.dll
0x00007ff811e90000 - 0x00007ff811e9a000 	C:\Users\maafi\.vscode\extensions\redhat.java-1.54.0-win32-x64\jre\21.0.10-win32-x86_64\bin\management.dll
0x00007ff811e80000 - 0x00007ff811e8c000 	C:\Users\maafi\.vscode\extensions\redhat.java-1.54.0-win32-x64\jre\21.0.10-win32-x86_64\bin\management_ext.dll
0x00007ff8847e0000 - 0x00007ff8847e8000 	C:\WINDOWS\System32\PSAPI.DLL
0x00007ff881eb0000 - 0x00007ff881ecb000 	C:\WINDOWS\SYSTEM32\CRYPTSP.dll
0x00007ff881590000 - 0x00007ff8815c9000 	C:\WINDOWS\system32\rsaenh.dll
0x00007ff881c60000 - 0x00007ff881c93000 	C:\WINDOWS\SYSTEM32\USERENV.dll
0x00007ff8827c0000 - 0x00007ff8827ea000 	C:\WINDOWS\SYSTEM32\bcrypt.dll
0x00007ff881ed0000 - 0x00007ff881edc000 	C:\WINDOWS\SYSTEM32\CRYPTBASE.dll
0x00007ff881000000 - 0x00007ff881033000 	C:\WINDOWS\SYSTEM32\IPHLPAPI.DLL
0x00007ff884720000 - 0x00007ff88472a000 	C:\WINDOWS\System32\NSI.dll
0x00007ff812980000 - 0x00007ff8129c9000 	C:\Users\maafi\AppData\Local\Temp\jna-103650000\jna14282474236120739521.dll
0x00007ff8798c0000 - 0x00007ff8798dd000 	C:\WINDOWS\SYSTEM32\dhcpcsvc6.DLL
0x00007ff879890000 - 0x00007ff8798b5000 	C:\WINDOWS\SYSTEM32\dhcpcsvc.DLL
0x00007ff813970000 - 0x00007ff81397e000 	C:\Users\maafi\.vscode\extensions\redhat.java-1.54.0-win32-x64\jre\21.0.10-win32-x86_64\bin\sunmscapi.dll
0x00007ff882980000 - 0x00007ff882af8000 	C:\WINDOWS\System32\CRYPT32.dll
0x00007ff8820d0000 - 0x00007ff882100000 	C:\WINDOWS\SYSTEM32\ncrypt.dll
0x00007ff882080000 - 0x00007ff8820bf000 	C:\WINDOWS\SYSTEM32\NTASN1.dll
0x00007ff881090000 - 0x00007ff8811da000 	C:\WINDOWS\SYSTEM32\DNSAPI.dll
0x00007ff8819c0000 - 0x00007ff8819cd000 	C:\WINDOWS\SYSTEM32\DSPARSE.dll
0x00007ff874e40000 - 0x00007ff874e4b000 	C:\Windows\System32\rasadhlp.dll
0x00007ff874c80000 - 0x00007ff874d06000 	C:\WINDOWS\System32\fwpuclnt.dll
0x00007ff812cf0000 - 0x00007ff812cf9000 	C:\Users\maafi\.vscode\extensions\redhat.java-1.54.0-win32-x64\jre\21.0.10-win32-x86_64\bin\extnet.dll
0x00007ff8136e0000 - 0x00007ff813707000 	C:\Users\maafi\.gradle\native\1def1411415f61bf3af743bc5b6707747c0891f09f0c88961ee8f79bc544acac\windows-amd64\native-platform.dll
0x00007ff82cad0000 - 0x00007ff82cad8000 	C:\WINDOWS\system32\wshunix.dll

JVMTI agents:
c:\Users\maafi\.vscode\extensions\redhat.java-1.54.0-win32-x64\lombok\lombok-1.18.39-4050.jar path:c:\Users\maafi\.vscode\extensions\redhat.java-1.54.0-win32-x64\jre\21.0.10-win32-x86_64\bin\instrument.dll, loaded, initialized, instrumentlib options:none

dbghelp: loaded successfully - version: 4.0.5 - missing functions: none
symbol engine: initialized successfully - sym options: 0x614 - pdb path: .;c:\Users\maafi\.vscode\extensions\redhat.java-1.54.0-win32-x64\jre\21.0.10-win32-x86_64\bin;C:\WINDOWS\SYSTEM32;C:\WINDOWS\WinSxS\amd64_microsoft.windows.common-controls_6595b64144ccf1df_6.0.26100.8521_none_3e08b75ce33403b3;c:\Users\maafi\.vscode\extensions\redhat.java-1.54.0-win32-x64\jre\21.0.10-win32-x86_64\bin\server;C:\Users\maafi\AppData\Roaming\Code\User\globalStorage\redhat.java\1.54.0\config_win\org.eclipse.equinox.launcher\org.eclipse.equinox.launcher.win32.win32.x86_64_1.3.0.v20260203-2149;C:\Users\maafi\AppData\Local\Temp\jna-103650000;C:\Users\maafi\.gradle\native\1def1411415f61bf3af743bc5b6707747c0891f09f0c88961ee8f79bc544acac\windows-amd64

VM Arguments:
jvm_args: --add-modules=ALL-SYSTEM --add-opens=java.base/java.util=ALL-UNNAMED --add-opens=java.base/java.lang=ALL-UNNAMED --add-opens=java.base/sun.nio.fs=ALL-UNNAMED -Declipse.application=org.eclipse.jdt.ls.core.id1 -Dosgi.bundles.defaultStartLevel=4 -Declipse.product=org.eclipse.jdt.ls.core.product -Djava.import.generatesMetadataFilesAtProjectRoot=false -DDetectVMInstallationsJob.disabled=true -Dfile.encoding=utf8 -XX:+UseParallelGC -XX:GCTimeRatio=4 -XX:AdaptiveSizePolicyWeight=90 -Dsun.zip.disableMemoryMapping=true -Xmx2G -Xms100m -Xlog:disable -javaagent:c:\Users\maafi\.vscode\extensions\redhat.java-1.54.0-win32-x64\lombok\lombok-1.18.39-4050.jar -XX:+HeapDumpOnOutOfMemoryError -XX:HeapDumpPath=c:\Users\maafi\AppData\Roaming\Code\User\workspaceStorage\a59dc96bf32e8cfe32465a2fc0319d96\redhat.java -Daether.dependencyCollector.impl=bf 
java_command: c:\Users\maafi\.vscode\extensions\redhat.java-1.54.0-win32-x64\server\plugins\org.eclipse.equinox.launcher_1.7.100.v20251111-0406.jar -configuration c:\Users\maafi\AppData\Roaming\Code\User\globalStorage\redhat.java\1.54.0\config_win -data c:\Users\maafi\AppData\Roaming\Code\User\workspaceStorage\a59dc96bf32e8cfe32465a2fc0319d96\redhat.java\jdt_ws --pipe=\\.\pipe\lsp-ba61ff86cfa0558c5ba90eddbc0105cf-sock
java_class_path (initial): c:\Users\maafi\.vscode\extensions\redhat.java-1.54.0-win32-x64\server\plugins\org.eclipse.equinox.launcher_1.7.100.v20251111-0406.jar
Launcher Type: SUN_STANDARD

[Global flags]
    uintx AdaptiveSizePolicyWeight                 = 90                                        {product} {command line}
     intx CICompilerCount                          = 4                                         {product} {ergonomic}
    uintx GCTimeRatio                              = 4                                         {product} {command line}
     bool HeapDumpOnOutOfMemoryError               = true                                   {manageable} {command line}
    ccstr HeapDumpPath                             = c:\Users\maafi\AppData\Roaming\Code\User\workspaceStorage\a59dc96bf32e8cfe32465a2fc0319d96\redhat.java         {manageable} {command line}
   size_t InitialHeapSize                          = 104857600                                 {product} {command line}
   size_t MaxHeapSize                              = 2147483648                                {product} {command line}
   size_t MaxNewSize                               = 715653120                                 {product} {ergonomic}
   size_t MinHeapDeltaBytes                        = 524288                                    {product} {ergonomic}
   size_t MinHeapSize                              = 104857600                                 {product} {command line}
   size_t NewSize                                  = 34603008                                  {product} {ergonomic}
    uintx NonNMethodCodeHeapSize                   = 5839372                                {pd product} {ergonomic}
    uintx NonProfiledCodeHeapSize                  = 122909434                              {pd product} {ergonomic}
   size_t OldSize                                  = 70254592                                  {product} {ergonomic}
    uintx ProfiledCodeHeapSize                     = 122909434                              {pd product} {ergonomic}
    uintx ReservedCodeCacheSize                    = 251658240                              {pd product} {ergonomic}
     bool SegmentedCodeCache                       = true                                      {product} {ergonomic}
   size_t SoftMaxHeapSize                          = 2147483648                             {manageable} {ergonomic}
     bool UseCompressedOops                        = true                           {product lp64_product} {ergonomic}
     bool UseLargePagesIndividualAllocation        = false                                  {pd product} {ergonomic}
     bool UseParallelGC                            = true                                      {product} {command line}

Logging:
Log output configuration:
 #0: stdout all=off uptime,level,tags foldmultilines=false
 #1: stderr all=off uptime,level,tags foldmultilines=false

Release file:
JAVA_VERSION="21.0.10" 
MODULES="java.base java.compiler java.datatransfer java.xml java.prefs java.desktop java.instrument java.logging java.management java.security.sasl java.naming java.rmi java.management.rmi java.net.http java.scripting java.security.jgss java.transaction.xa java.sql java.sql.rowset java.xml.crypto java.se java.smartcardio jdk.accessibility jdk.internal.jvmstat jdk.attach jdk.charsets jdk.internal.opt jdk.zipfs jdk.compiler jdk.crypto.ec jdk.crypto.cryptoki jdk.crypto.mscapi jdk.dynalink jdk.internal.ed jdk.editpad jdk.hotspot.agent jdk.httpserver jdk.internal.le jdk.internal.vm.ci jdk.internal.vm.compiler jdk.internal.vm.compiler.management jdk.jartool jdk.javadoc jdk.jcmd jdk.management jdk.management.agent jdk.jconsole jdk.jdeps jdk.jdwp.agent jdk.jdi jdk.jfr jdk.jshell jdk.jsobject jdk.jstatd jdk.localedata jdk.management.jfr jdk.naming.dns jdk.naming.rmi jdk.net jdk.nio.mapmode jdk.random jdk.sctp jdk.security.auth jdk.security.jgss jdk.unsupported jdk.unsupported.desktop jdk.xml.dom" 

Environment Variables:
PATH=C:\Users\maafi\anaconda3\condabin;C:\Program Files\Common Files\Oracle\Java\javapath;C:\Program Files (x86)\Common Files\Oracle\Java\java8path;C:\Program Files (x86)\Common Files\Oracle\Java\javapath;C:\WINDOWS\system32;C:\WINDOWS;C:\WINDOWS\System32\Wbem;C:\WINDOWS\System32\WindowsPowerShell\v1.0\;C:\WINDOWS\System32\OpenSSH\;C:\Program Files\dotnet\;C:\MinGW\bin;C:\Program Files\Git\cmd;C:\php-8.4;C:\Program Files\nodejs\;C:\Program Files (x86)\Windows Kits\10\Windows Performance Toolkit\;C:\Program Files\Docker\Docker\resources\bin;C:\Program Files\k6\;C:\Users\maafi\AppData\Local\Programs\Python\Python37\Scripts\;C:\Users\maafi\AppData\Local\Programs\Python\Python37\;C:\Users\maafi\AppData\Local\Programs\Python\Python311\Scripts\;C:\Users\maafi\AppData\Local\Programs\Python\Python311\;C:\Users\maafi\AppData\Local\Programs\Python\Python313\Scripts\;C:\Users\maafi\AppData\Local\Programs\Python\Python313\;C:\Users\maafi\AppData\Local\Microsoft\WindowsApps;C:\Program Files\JetBrains\IntelliJ IDEA 2024.2.3\bin;;C:\MinGW\bin;C:\Users\maafi\AppData\Local\Programs\Microsoft VS Code\bin;C:\Users\maafi\anaconda3\Scripts\;C:\Users\maafi\anaconda3\;C:\Users\maafi\AppData\Local\Programs\Kiro\bin;C:\Users\maafi\AppData\Local\Python\bin;C:\Users\maafi\AppData\Roaming\npm;C:\Users\maafi\Documents\flutter\bin;C:\Users\maafi\AppData\Local\Programs\Antigravity\bin
USERNAME=maafi
OS=Windows_NT
PROCESSOR_IDENTIFIER=Intel64 Family 6 Model 126 Stepping 5, GenuineIntel
TMP=C:\Users\maafi\AppData\Local\Temp
TEMP=C:\Users\maafi\AppData\Local\Temp




Periodic native trim disabled

---------------  S Y S T E M  ---------------

OS:
 Windows 11 , 64 bit Build 26100 (10.0.26100.8521)
OS uptime: 0 days 10:15 hours
Hyper-V role detected

CPU: total 8 (initial active 8) (4 cores per cpu, 2 threads per core) family 6 model 126 stepping 5 microcode 0x96, cx8, cmov, fxsr, ht, mmx, 3dnowpref, sse, sse2, sse3, ssse3, sse4.1, sse4.2, popcnt, lzcnt, tsc, tscinvbit, avx, avx2, aes, erms, clmul, bmi1, bmi2, adx, avx512f, avx512dq, avx512cd, avx512bw, avx512vl, sha, fma, vzeroupper, avx512_vpopcntdq, avx512_vpclmulqdq, avx512_vaes, avx512_vnni, clflush, clflushopt, avx512_vbmi2, avx512_vbmi, hv, rdtscp, rdpid, fsrm, gfni, avx512_bitalg, f16c, avx512_ifma
Processor Information for the first 8 processors :
  Max Mhz: 1190, Current Mhz: 991, Mhz Limit: 987

Memory: 4k page, system-wide physical 7931M (1050M free)
TotalPageFile size 32507M (AvailPageFile size 103M)
current process WorkingSet (physical memory assigned to process): 292M, peak: 293M
current process commit charge ("private bytes"): 469M, peak: 472M

vm_info: OpenJDK 64-Bit Server VM (21.0.10+7-LTS) for windows-amd64 JRE (21.0.10+7-LTS), built on 2026-01-20T00:00:00Z by "admin" with MS VC++ 17.12 (VS2022)

END.
