#
# There is insufficient memory for the Java Runtime Environment to continue.
# Native memory allocation (malloc) failed to allocate 1936016 bytes. Error detail: Chunk::new
# Possible reasons:
#   The system is out of physical RAM or swap space
#   This process is running with CompressedOops enabled, and the Java Heap may be blocking the growth of the native heap
# Possible solutions:
#   Reduce memory load on the system
#   Increase physical memory or swap space
#   Check if swap backing store is full
#   Decrease Java heap size (-Xmx/-Xms)
#   Decrease Java thread stack sizes (-Xss)
#   Set larger code cache with -XX:ReservedCodeCacheSize=
#   JVM is running with Unscaled Compressed Oops mode in which the Java heap is
#     placed in the first 4GB address space. The Java Heap base address is the
#     maximum limit for the native heap growth. Please use -XX:HeapBaseMinAddress
#     to set the Java Heap base and to place the Java Heap above 4GB virtual address.
# This output file may be truncated or incomplete.
#
#  Out of Memory Error (arena.cpp:168), pid=27340, tid=28540
#
# JRE version: OpenJDK Runtime Environment Temurin-21.0.10+7 (21.0.10+7) (build 21.0.10+7-LTS)
# Java VM: OpenJDK 64-Bit Server VM Temurin-21.0.10+7 (21.0.10+7-LTS, mixed mode, sharing, tiered, compressed oops, compressed class ptrs, parallel gc, windows-amd64)
# No core dump will be written. Minidumps are not enabled by default on client versions of Windows
#

---------------  S U M M A R Y ------------

Command Line: --add-modules=ALL-SYSTEM --add-opens=java.base/java.util=ALL-UNNAMED --add-opens=java.base/java.lang=ALL-UNNAMED --add-opens=java.base/sun.nio.fs=ALL-UNNAMED -Declipse.application=org.eclipse.jdt.ls.core.id1 -Dosgi.bundles.defaultStartLevel=4 -Declipse.product=org.eclipse.jdt.ls.core.product -Djava.import.generatesMetadataFilesAtProjectRoot=false -DDetectVMInstallationsJob.disabled=true -Dfile.encoding=utf8 -XX:+UseParallelGC -XX:GCTimeRatio=4 -XX:AdaptiveSizePolicyWeight=90 -Dsun.zip.disableMemoryMapping=true -Xmx2G -Xms100m -Xlog:disable -javaagent:c:\Users\maafi\.vscode\extensions\redhat.java-1.54.0-win32-x64\lombok\lombok-1.18.39-4050.jar -XX:+HeapDumpOnOutOfMemoryError -XX:HeapDumpPath=c:\Users\maafi\AppData\Roaming\Code\User\workspaceStorage\a59dc96bf32e8cfe32465a2fc0319d96\redhat.java -Daether.dependencyCollector.impl=bf c:\Users\maafi\.vscode\extensions\redhat.java-1.54.0-win32-x64\server\plugins\org.eclipse.equinox.launcher_1.7.100.v20251111-0406.jar -configuration c:\Users\maafi\AppData\Roaming\Code\User\globalStorage\redhat.java\1.54.0\config_win -data c:\Users\maafi\AppData\Roaming\Code\User\workspaceStorage\a59dc96bf32e8cfe32465a2fc0319d96\redhat.java\jdt_ws --pipe=\\.\pipe\lsp-232112a13a5ace62e48ac387d814d79b-sock

Host: Intel(R) Core(TM) i5-1035G1 CPU @ 1.00GHz, 8 cores, 7G,  Windows 11 , 64 bit Build 26100 (10.0.26100.8521)
Time: Thu Jun 11 22:39:03 2026 SE Asia Standard Time elapsed time: 45.646892 seconds (0d 0h 0m 45s)

---------------  T H R E A D  ---------------

Current thread (0x00000234d1314a10):  JavaThread "C2 CompilerThread0" daemon [_thread_in_native, id=28540, stack(0x0000007faea00000,0x0000007faeb00000) (1024K)]


Current CompileTask:
C2:45647 9701   !   4       org.eclipse.jdt.internal.core.search.indexing.BinaryIndexer::indexDocument (1172 bytes)

Stack: [0x0000007faea00000,0x0000007faeb00000]
Native frames: (J=compiled Java code, j=interpreted, Vv=VM code, C=native code)
V  [jvm.dll+0x6d7a39]
V  [jvm.dll+0x8b4b26]
V  [jvm.dll+0x8b70de]
V  [jvm.dll+0x8b77c3]
V  [jvm.dll+0x284346]
V  [jvm.dll+0xc66ed]
V  [jvm.dll+0xc6c31]
V  [jvm.dll+0x3bec01]
V  [jvm.dll+0x38b162]
V  [jvm.dll+0x38a5aa]
V  [jvm.dll+0x24c560]
V  [jvm.dll+0x24bb40]
V  [jvm.dll+0x1cb34e]
V  [jvm.dll+0x25b85d]
V  [jvm.dll+0x259dea]
V  [jvm.dll+0x3f857e]
V  [jvm.dll+0x85f59d]
V  [jvm.dll+0x6d626d]
C  [ucrtbase.dll+0x2cd30]
C  [KERNEL32.DLL+0x2e957]
C  [ntdll.dll+0x87c1c]


---------------  P R O C E S S  ---------------

Threads class SMR info:
_java_thread_list=0x000002351c24b4c0, length=54, elements={
0x00000234b847b630, 0x00000234ba93b510, 0x00000234ba93d8a0, 0x00000234d12f5ec0,
0x00000234d12f6c50, 0x00000234d12fe110, 0x00000234d1303bb0, 0x00000234d1314a10,
0x0000023513be0090, 0x0000023513d8e660, 0x0000023513efc3a0, 0x00000235189e9490,
0x0000023518818960, 0x0000023513f34b00, 0x0000023513f31640, 0x0000023518da0bf0,
0x00000235180bd510, 0x0000023518ffdf10, 0x0000023518c90830, 0x0000023518c901a0,
0x0000023518c90ec0, 0x0000023518c91550, 0x000002351a8576d0, 0x000002351a85ab50,
0x000002351a8597a0, 0x000002351a859110, 0x000002351a859e30, 0x000002351a85a4c0,
0x000002351a85b1e0, 0x000002351a85b870, 0x000002351a8583f0, 0x000002351a85bf00,
0x000002351a858a80, 0x000002351a85c590, 0x000002351a85d940, 0x000002351a85cc20,
0x000002351a85d2b0, 0x000002351a85dfd0, 0x000002351a85e660, 0x000002351a85ecf0,
0x000002351b8ae4e0, 0x000002351b8ab6f0, 0x000002351b8abd80, 0x000002351b8ac410,
0x000002351b8acaa0, 0x000002351b8ad130, 0x000002351b8ad7c0, 0x000002351ac23d80,
0x000002351ac24410, 0x000002351ac264e0, 0x000002351ac26b70, 0x000002351ac285b0,
0x000002351ac25e50, 0x000002351ac28c40
}

Java Threads: ( => current thread )
  0x00000234b847b630 JavaThread "main"                              [_thread_blocked, id=28140, stack(0x0000007fae000000,0x0000007fae100000) (1024K)]
  0x00000234ba93b510 JavaThread "Reference Handler"          daemon [_thread_blocked, id=3840, stack(0x0000007fae400000,0x0000007fae500000) (1024K)]
  0x00000234ba93d8a0 JavaThread "Finalizer"                  daemon [_thread_blocked, id=28516, stack(0x0000007fae500000,0x0000007fae600000) (1024K)]
  0x00000234d12f5ec0 JavaThread "Signal Dispatcher"          daemon [_thread_blocked, id=27568, stack(0x0000007fae600000,0x0000007fae700000) (1024K)]
  0x00000234d12f6c50 JavaThread "Attach Listener"            daemon [_thread_blocked, id=21620, stack(0x0000007fae700000,0x0000007fae800000) (1024K)]
  0x00000234d12fe110 JavaThread "Service Thread"             daemon [_thread_blocked, id=16312, stack(0x0000007fae800000,0x0000007fae900000) (1024K)]
  0x00000234d1303bb0 JavaThread "Monitor Deflation Thread"   daemon [_thread_blocked, id=11544, stack(0x0000007fae900000,0x0000007faea00000) (1024K)]
=>0x00000234d1314a10 JavaThread "C2 CompilerThread0"         daemon [_thread_in_native, id=28540, stack(0x0000007faea00000,0x0000007faeb00000) (1024K)]
  0x0000023513be0090 JavaThread "C1 CompilerThread0"         daemon [_thread_blocked, id=25748, stack(0x0000007faeb00000,0x0000007faec00000) (1024K)]
  0x0000023513d8e660 JavaThread "Common-Cleaner"             daemon [_thread_blocked, id=10716, stack(0x0000007faec00000,0x0000007faed00000) (1024K)]
  0x0000023513efc3a0 JavaThread "Notification Thread"        daemon [_thread_blocked, id=13632, stack(0x0000007faee00000,0x0000007faef00000) (1024K)]
  0x00000235189e9490 JavaThread "Active Thread: Equinox Container: fdcad387-afe9-40ff-b068-61c89726ce53"        [_thread_blocked, id=27120, stack(0x0000007faed00000,0x0000007faee00000) (1024K)]
  0x0000023518818960 JavaThread "Refresh Thread: Equinox Container: fdcad387-afe9-40ff-b068-61c89726ce53" daemon [_thread_blocked, id=2068, stack(0x0000007faf700000,0x0000007faf800000) (1024K)]
  0x0000023513f34b00 JavaThread "Framework Event Dispatcher: Equinox Container: fdcad387-afe9-40ff-b068-61c89726ce53" daemon [_thread_blocked, id=28500, stack(0x0000007faf800000,0x0000007faf900000) (1024K)]
  0x0000023513f31640 JavaThread "Start Level: Equinox Container: fdcad387-afe9-40ff-b068-61c89726ce53" daemon [_thread_blocked, id=28476, stack(0x0000007faf900000,0x0000007fafa00000) (1024K)]
  0x0000023518da0bf0 JavaThread "Bundle File Closer"         daemon [_thread_blocked, id=25696, stack(0x0000007fafa00000,0x0000007fafb00000) (1024K)]
  0x00000235180bd510 JavaThread "SCR Component Actor"        daemon [_thread_blocked, id=17680, stack(0x0000007faef00000,0x0000007faf000000) (1024K)]
  0x0000023518ffdf10 JavaThread "Worker-JM"                         [_thread_blocked, id=26756, stack(0x0000007fafc00000,0x0000007fafd00000) (1024K)]
  0x0000023518c90830 JavaThread "Worker-0"                          [_thread_blocked, id=27432, stack(0x0000007fafb00000,0x0000007fafc00000) (1024K)]
  0x0000023518c901a0 JavaThread "Worker-1"                          [_thread_blocked, id=13916, stack(0x0000007fafd00000,0x0000007fafe00000) (1024K)]
  0x0000023518c90ec0 JavaThread "Java indexing"              daemon [_thread_blocked, id=28076, stack(0x0000007faff00000,0x0000007fb0000000) (1024K)]
  0x0000023518c91550 JavaThread "Worker-2: Java indexing... "        [_thread_blocked, id=23140, stack(0x0000007fb0000000,0x0000007fb0100000) (1024K)]
  0x000002351a8576d0 JavaThread "Worker-3: Initialize Workspace"        [_thread_blocked, id=25312, stack(0x0000007fb0100000,0x0000007fb0200000) (1024K)]
  0x000002351a85ab50 JavaThread "JNA Cleaner"                daemon [_thread_blocked, id=9376, stack(0x0000007fafe00000,0x0000007faff00000) (1024K)]
  0x000002351a8597a0 JavaThread "Worker-4"                          [_thread_blocked, id=12340, stack(0x0000007fb0500000,0x0000007fb0600000) (1024K)]
  0x000002351a859110 JavaThread "Worker-5"                          [_thread_blocked, id=24952, stack(0x0000007fb0600000,0x0000007fb0700000) (1024K)]
  0x000002351a859e30 JavaThread "Thread-1"                   daemon [_thread_in_native, id=4196, stack(0x0000007fb0800000,0x0000007fb0900000) (1024K)]
  0x000002351a85a4c0 JavaThread "Thread-2"                   daemon [_thread_in_native, id=18008, stack(0x0000007fb0900000,0x0000007fb0a00000) (1024K)]
  0x000002351a85b1e0 JavaThread "Thread-3"                   daemon [_thread_in_native, id=28136, stack(0x0000007fb0a00000,0x0000007fb0b00000) (1024K)]
  0x000002351a85b870 JavaThread "Thread-4"                   daemon [_thread_in_native, id=5340, stack(0x0000007fb0b00000,0x0000007fb0c00000) (1024K)]
  0x000002351a8583f0 JavaThread "Thread-5"                   daemon [_thread_in_native, id=27212, stack(0x0000007fb0c00000,0x0000007fb0d00000) (1024K)]
  0x000002351a85bf00 JavaThread "Thread-6"                   daemon [_thread_in_native, id=9096, stack(0x0000007fb0d00000,0x0000007fb0e00000) (1024K)]
  0x000002351a858a80 JavaThread "Thread-7"                   daemon [_thread_in_native, id=6268, stack(0x0000007fb0e00000,0x0000007fb0f00000) (1024K)]
  0x000002351a85c590 JavaThread "Thread-8"                   daemon [_thread_in_native, id=13232, stack(0x0000007fb0f00000,0x0000007fb1000000) (1024K)]
  0x000002351a85d940 JavaThread "Thread-9"                   daemon [_thread_in_native, id=22116, stack(0x0000007fb1000000,0x0000007fb1100000) (1024K)]
  0x000002351a85cc20 JavaThread "pool-2-thread-1"                   [_thread_blocked, id=14912, stack(0x0000007fb1100000,0x0000007fb1200000) (1024K)]
  0x000002351a85d2b0 JavaThread "WorkspaceEventsHandler"            [_thread_blocked, id=7364, stack(0x0000007fb1200000,0x0000007fb1300000) (1024K)]
  0x000002351a85dfd0 JavaThread "pool-1-thread-1"                   [_thread_blocked, id=14848, stack(0x0000007fb1300000,0x0000007fb1400000) (1024K)]
  0x000002351a85e660 JavaThread "ProjectImportProgressReporter" daemon [_thread_blocked, id=24648, stack(0x0000007fb1400000,0x0000007fb1500000) (1024K)]
  0x000002351a85ecf0 JavaThread "Timer-0"                           [_thread_blocked, id=28264, stack(0x0000007fb0700000,0x0000007fb0800000) (1024K)]
  0x000002351b8ae4e0 JavaThread "Timer-1"                           [_thread_blocked, id=10016, stack(0x0000007fb1500000,0x0000007fb1600000) (1024K)]
  0x000002351b8ab6f0 JavaThread "Timer-2"                           [_thread_blocked, id=3076, stack(0x0000007fb1600000,0x0000007fb1700000) (1024K)]
  0x000002351b8abd80 JavaThread "LocalFile Deleter"          daemon [_thread_blocked, id=28132, stack(0x0000007fb1700000,0x0000007fb1800000) (1024K)]
  0x000002351b8ac410 JavaThread "LocalFile Deleter"          daemon [_thread_blocked, id=24580, stack(0x0000007fb1800000,0x0000007fb1900000) (1024K)]
  0x000002351b8acaa0 JavaThread "LocalFile Deleter"          daemon [_thread_blocked, id=364, stack(0x0000007fb1900000,0x0000007fb1a00000) (1024K)]
  0x000002351b8ad130 JavaThread "LocalFile Deleter"          daemon [_thread_blocked, id=25256, stack(0x0000007fb1a00000,0x0000007fb1b00000) (1024K)]
  0x000002351b8ad7c0 JavaThread "Timer-3"                           [_thread_blocked, id=17164, stack(0x0000007fb0400000,0x0000007fb0500000) (1024K)]
  0x000002351ac23d80 JavaThread "Timer-4"                           [_thread_blocked, id=10588, stack(0x0000007fb1b00000,0x0000007fb1c00000) (1024K)]
  0x000002351ac24410 JavaThread "Timer-5"                           [_thread_blocked, id=11804, stack(0x0000007fb1c00000,0x0000007fb1d00000) (1024K)]
  0x000002351ac264e0 JavaThread "Timer-6"                           [_thread_blocked, id=1524, stack(0x0000007fb1d00000,0x0000007fb1e00000) (1024K)]
  0x000002351ac26b70 JavaThread "LocalFile Deleter"          daemon [_thread_blocked, id=8668, stack(0x0000007fb1f00000,0x0000007fb2000000) (1024K)]
  0x000002351ac285b0 JavaThread "Timer-7"                           [_thread_blocked, id=1364, stack(0x0000007fb2200000,0x0000007fb2300000) (1024K)]
  0x000002351ac25e50 JavaThread "Connection worker"                 [_thread_blocked, id=28616, stack(0x0000007fb2300000,0x0000007fb2400000) (1024K)]
  0x000002351ac28c40 JavaThread "pool-4-thread-1"                   [_thread_blocked, id=28564, stack(0x0000007fb2400000,0x0000007fb2500000) (1024K)]
Total: 54

Other Threads:
  0x00000234ba91fe90 VMThread "VM Thread"                           [id=24636, stack(0x0000007fae300000,0x0000007fae400000) (1024K)]
  0x00000234ba8eaee0 WatcherThread "VM Periodic Task Thread"        [id=25728, stack(0x0000007fae200000,0x0000007fae300000) (1024K)]
  0x00000234ba89f700 WorkerThread "GC Thread#0"                     [id=17700, stack(0x0000007fae100000,0x0000007fae200000) (1024K)]
  0x0000023518331770 WorkerThread "GC Thread#1"                     [id=11828, stack(0x0000007faf000000,0x0000007faf100000) (1024K)]
  0x0000023513f900c0 WorkerThread "GC Thread#2"                     [id=27788, stack(0x0000007faf100000,0x0000007faf200000) (1024K)]
  0x0000023513f90470 WorkerThread "GC Thread#3"                     [id=14712, stack(0x0000007faf200000,0x0000007faf300000) (1024K)]
  0x0000023513f90820 WorkerThread "GC Thread#4"                     [id=17236, stack(0x0000007faf300000,0x0000007faf400000) (1024K)]
  0x00000235185306f0 WorkerThread "GC Thread#5"                     [id=24832, stack(0x0000007faf400000,0x0000007faf500000) (1024K)]
  0x0000023518530aa0 WorkerThread "GC Thread#6"                     [id=27052, stack(0x0000007faf500000,0x0000007faf600000) (1024K)]
  0x0000023518924710 WorkerThread "GC Thread#7"                     [id=8096, stack(0x0000007faf600000,0x0000007faf700000) (1024K)]
Total: 10

Threads with active compile tasks:
C2 CompilerThread0  45688 9701   !   4       org.eclipse.jdt.internal.core.search.indexing.BinaryIndexer::indexDocument (1172 bytes)
Total: 1

VM state: at safepoint (normal execution)

VM Mutex/Monitor currently owned by a thread:  ([mutex/lock_event])
[0x00007ffff80ce560] Threads_lock - owner thread: 0x00000234ba91fe90
[0x00007ffff80ce660] Heap_lock - owner thread: 0x000002351ac25e50
[0x00007ffff80ceae0] PSOldGenExpand_lock - owner thread: 0x00000235185306f0

Heap address: 0x0000000080000000, size: 2048 MB, Compressed Oops mode: 32-bit

CDS archive(s) mapped at: [0x00000234d2000000-0x00000234d2ba0000-0x00000234d2ba0000), size 12189696, SharedBaseAddress: 0x00000234d2000000, ArchiveRelocationMode: 1.
Compressed class space mapped at: 0x00000234d3000000-0x0000023513000000, reserved size: 1073741824
Narrow klass base: 0x00000234d2000000, Narrow klass shift: 0, Narrow klass range: 0x100000000

GC Precious Log:
 CardTable entry size: 512
 CPUs: 8 total, 8 available
 Memory: 7931M
 Large Page Support: Disabled
 NUMA Support: Disabled
 Compressed Oops: Enabled (32-bit)
 Alignments: Space 512K, Generation 512K, Heap 2M
 Heap Min Capacity: 100M
 Heap Initial Capacity: 100M
 Heap Max Capacity: 2G
 Pre-touch: Disabled
 Parallel Workers: 8

Heap:
 PSYoungGen      total 16896K, used 16870K [0x00000000d5580000, 0x00000000d6a00000, 0x0000000100000000)
  eden space 14848K, 100% used [0x00000000d5580000,0x00000000d6400000,0x00000000d6400000)
  from space 2048K, 98% used [0x00000000d6800000,0x00000000d69f9928,0x00000000d6a00000)
  to   space 3072K, 33% used [0x00000000d6500000,0x00000000d66034d8,0x00000000d6800000)
 ParOldGen       total 97280K, used 97276K [0x0000000080000000, 0x0000000085f00000, 0x00000000d5580000)
  object space 97280K, 99% used [0x0000000080000000,0x0000000085eff258,0x0000000085f00000)
 Metaspace       used 68044K, committed 69568K, reserved 1114112K
  class space    used 8511K, committed 9152K, reserved 1048576K

Card table byte_map: [0x00000234ba240000,0x00000234ba650000] _byte_map_base: 0x00000234b9e40000

Marking Bits: (ParMarkBitMap*) 0x00007ffff80d3450
 Begin Bits: [0x00000234ccd30000, 0x00000234ced30000)
 End Bits:   [0x00000234ced30000, 0x00000234d0d30000)

Polling page: 0x00000234b8970000

Metaspace:

Usage:
  Non-class:     58.14 MB used.
      Class:      8.31 MB used.
       Both:     66.45 MB used.

Virtual space:
  Non-class space:       64.00 MB reserved,      59.00 MB ( 92%) committed,  1 nodes.
      Class space:        1.00 GB reserved,       8.94 MB ( <1%) committed,  1 nodes.
             Both:        1.06 GB reserved,      67.94 MB (  6%) committed. 

Chunk freelists:
   Non-Class:  4.15 MB
       Class:  7.03 MB
        Both:  11.18 MB

MaxMetaspaceSize: unlimited
CompressedClassSpaceSize: 1.00 GB
Initial GC threshold: 21.00 MB
Current GC threshold: 97.31 MB
CDS: on
 - commit_granule_bytes: 65536.
 - commit_granule_words: 8192.
 - virtual_space_node_default_size: 8388608.
 - enlarge_chunks_in_place: 1.
 - use_allocation_guard: 0.


Internal statistics:

num_allocs_failed_limit: 11.
num_arena_births: 1422.
num_arena_deaths: 14.
num_vsnodes_births: 2.
num_vsnodes_deaths: 0.
num_space_committed: 1087.
num_space_uncommitted: 0.
num_chunks_returned_to_freelist: 25.
num_chunks_taken_from_freelist: 4481.
num_chunk_merges: 17.
num_chunk_splits: 2863.
num_chunks_enlarged: 1710.
num_inconsistent_stats: 0.

CodeHeap 'non-profiled nmethods': size=120000Kb used=7716Kb max_used=7716Kb free=112283Kb
 bounds [0x00000234c5550000, 0x00000234c5ce0000, 0x00000234cca80000]
CodeHeap 'profiled nmethods': size=120000Kb used=18630Kb max_used=18630Kb free=101369Kb
 bounds [0x00000234bda80000, 0x00000234becc0000, 0x00000234c4fb0000]
CodeHeap 'non-nmethods': size=5760Kb used=1423Kb max_used=1503Kb free=4336Kb
 bounds [0x00000234c4fb0000, 0x00000234c5220000, 0x00000234c5550000]
CodeCache: size=245760Kb, used=27769Kb, max_used=27849Kb, free=217988Kb
 total_blobs=9713, nmethods=8992, adapters=627, full_count=0
Compilation: enabled, stopped_count=0, restarted_count=0

Compilation events (20 events):
Event: 42.745 Thread 0x0000023513be0090 9751       3       java.util.LinkedList::linkFirst (59 bytes)
Event: 42.746 Thread 0x0000023513be0090 nmethod 9751 0x00000234becabf10 code [0x00000234becac0c0, 0x00000234becac3c0]
Event: 42.771 Thread 0x000002351adba9d0 nmethod 9738 0x00000234c5cc7790 code [0x00000234c5cc7b40, 0x00000234c5cc9bc0]
Event: 42.771 Thread 0x000002351adba9d0 9747       4       org.eclipse.jdt.internal.core.search.indexing.BinaryIndexer::extractArgCount (316 bytes)
Event: 42.796 Thread 0x000002351adba9d0 nmethod 9747 0x00000234c5ccb610 code [0x00000234c5ccb7e0, 0x00000234c5ccbf20]
Event: 42.796 Thread 0x000002351adba9d0 9752       4       java.nio.ByteBuffer::clear (7 bytes)
Event: 42.797 Thread 0x000002351adba9d0 nmethod 9752 0x00000234c5ccc290 code [0x00000234c5ccc420, 0x00000234c5ccc4c0]
Event: 42.797 Thread 0x000002351adba9d0 9739       4       jdk.internal.jrtfs.JrtPath::resolve (125 bytes)
Event: 42.845 Thread 0x000002351adba9d0 nmethod 9739 0x00000234c5ccc590 code [0x00000234c5ccc8c0, 0x00000234c5ccdf88]
Event: 42.926 Thread 0x000002351adb9c30 nmethod 9725 0x00000234c5ccef10 code [0x00000234c5ccf540, 0x00000234c5cd5ff8]
Event: 42.969 Thread 0x0000023513be0090 9753       3       org.eclipse.jdt.internal.compiler.classfmt.RecordComponentInfo::createComponent (450 bytes)
Event: 42.972 Thread 0x0000023513be0090 nmethod 9753 0x00000234becac510 code [0x00000234becac8c0, 0x00000234becae630]
Event: 42.972 Thread 0x0000023513be0090 9754       3       org.eclipse.jdt.internal.compiler.classfmt.RecordComponentInfo::<init> (19 bytes)
Event: 42.972 Thread 0x0000023513be0090 nmethod 9754 0x00000234becaf190 code [0x00000234becaf340, 0x00000234becaf540]
Event: 44.575 Thread 0x0000023513be0090 9755       3       org.eclipse.jdt.ls.core.internal.handlers.ProgressReporterManager$ProgressReporter::sendProgress (78 bytes)
Event: 44.576 Thread 0x0000023513be0090 nmethod 9755 0x00000234becaf690 code [0x00000234becaf8a0, 0x00000234becafef8]
Event: 44.576 Thread 0x0000023513be0090 9756       3       com.google.gson.internal.LinkedTreeMap::containsKey (14 bytes)
Event: 44.576 Thread 0x0000023513be0090 nmethod 9756 0x00000234becb0110 code [0x00000234becb02c0, 0x00000234becb0528]
Event: 44.657 Thread 0x0000023513be0090 9759       3       java.util.Arrays::copyOfRange (25 bytes)
Event: 44.658 Thread 0x0000023513be0090 nmethod 9759 0x00000234becb0610 code [0x00000234becb08c0, 0x00000234becb1468]

GC Heap History (20 events):
Event: 40.242 GC heap after
{Heap after GC invocations=74 (full 3):
 PSYoungGen      total 18432K, used 3188K [0x00000000d5580000, 0x00000000d6e00000, 0x0000000100000000)
  eden space 14848K, 0% used [0x00000000d5580000,0x00000000d5580000,0x00000000d6400000)
  from space 3584K, 88% used [0x00000000d6400000,0x00000000d671d060,0x00000000d6780000)
  to   space 5120K, 0% used [0x00000000d6900000,0x00000000d6900000,0x00000000d6e00000)
 ParOldGen       total 70656K, used 70215K [0x0000000080000000, 0x0000000084500000, 0x00000000d5580000)
  object space 70656K, 99% used [0x0000000080000000,0x0000000084491f38,0x0000000084500000)
 Metaspace       used 67892K, committed 69376K, reserved 1114112K
  class space    used 8504K, committed 9152K, reserved 1048576K
}
Event: 40.428 GC heap before
{Heap before GC invocations=75 (full 3):
 PSYoungGen      total 18432K, used 18036K [0x00000000d5580000, 0x00000000d6e00000, 0x0000000100000000)
  eden space 14848K, 100% used [0x00000000d5580000,0x00000000d6400000,0x00000000d6400000)
  from space 3584K, 88% used [0x00000000d6400000,0x00000000d671d060,0x00000000d6780000)
  to   space 5120K, 0% used [0x00000000d6900000,0x00000000d6900000,0x00000000d6e00000)
 ParOldGen       total 70656K, used 70215K [0x0000000080000000, 0x0000000084500000, 0x00000000d5580000)
  object space 70656K, 99% used [0x0000000080000000,0x0000000084491f38,0x0000000084500000)
 Metaspace       used 67906K, committed 69504K, reserved 1114112K
  class space    used 8504K, committed 9152K, reserved 1048576K
}
Event: 40.432 GC heap after
{Heap after GC invocations=75 (full 3):
 PSYoungGen      total 18432K, used 3235K [0x00000000d5580000, 0x00000000d6c80000, 0x0000000100000000)
  eden space 14848K, 0% used [0x00000000d5580000,0x00000000d5580000,0x00000000d6400000)
  from space 3584K, 90% used [0x00000000d6900000,0x00000000d6c28c50,0x00000000d6c80000)
  to   space 3584K, 0% used [0x00000000d6400000,0x00000000d6400000,0x00000000d6780000)
 ParOldGen       total 73728K, used 73253K [0x0000000080000000, 0x0000000084800000, 0x00000000d5580000)
  object space 73728K, 99% used [0x0000000080000000,0x00000000847897f0,0x0000000084800000)
 Metaspace       used 67906K, committed 69504K, reserved 1114112K
  class space    used 8504K, committed 9152K, reserved 1048576K
}
Event: 40.641 GC heap before
{Heap before GC invocations=76 (full 3):
 PSYoungGen      total 18432K, used 18083K [0x00000000d5580000, 0x00000000d6c80000, 0x0000000100000000)
  eden space 14848K, 100% used [0x00000000d5580000,0x00000000d6400000,0x00000000d6400000)
  from space 3584K, 90% used [0x00000000d6900000,0x00000000d6c28c50,0x00000000d6c80000)
  to   space 3584K, 0% used [0x00000000d6400000,0x00000000d6400000,0x00000000d6780000)
 ParOldGen       total 73728K, used 73253K [0x0000000080000000, 0x0000000084800000, 0x00000000d5580000)
  object space 73728K, 99% used [0x0000000080000000,0x00000000847897f0,0x0000000084800000)
 Metaspace       used 67945K, committed 69504K, reserved 1114112K
  class space    used 8507K, committed 9152K, reserved 1048576K
}
Event: 40.645 GC heap after
{Heap after GC invocations=76 (full 3):
 PSYoungGen      total 18432K, used 3082K [0x00000000d5580000, 0x00000000d6b00000, 0x0000000100000000)
  eden space 14848K, 0% used [0x00000000d5580000,0x00000000d5580000,0x00000000d6400000)
  from space 3584K, 85% used [0x00000000d6400000,0x00000000d6702860,0x00000000d6780000)
  to   space 3584K, 0% used [0x00000000d6780000,0x00000000d6780000,0x00000000d6b00000)
 ParOldGen       total 76288K, used 76256K [0x0000000080000000, 0x0000000084a80000, 0x00000000d5580000)
  object space 76288K, 99% used [0x0000000080000000,0x0000000084a781c0,0x0000000084a80000)
 Metaspace       used 67945K, committed 69504K, reserved 1114112K
  class space    used 8507K, committed 9152K, reserved 1048576K
}
Event: 40.860 GC heap before
{Heap before GC invocations=77 (full 3):
 PSYoungGen      total 18432K, used 17930K [0x00000000d5580000, 0x00000000d6b00000, 0x0000000100000000)
  eden space 14848K, 100% used [0x00000000d5580000,0x00000000d6400000,0x00000000d6400000)
  from space 3584K, 85% used [0x00000000d6400000,0x00000000d6702860,0x00000000d6780000)
  to   space 3584K, 0% used [0x00000000d6780000,0x00000000d6780000,0x00000000d6b00000)
 ParOldGen       total 76288K, used 76256K [0x0000000080000000, 0x0000000084a80000, 0x00000000d5580000)
  object space 76288K, 99% used [0x0000000080000000,0x0000000084a781c0,0x0000000084a80000)
 Metaspace       used 67957K, committed 69504K, reserved 1114112K
  class space    used 8507K, committed 9152K, reserved 1048576K
}
Event: 40.864 GC heap after
{Heap after GC invocations=77 (full 3):
 PSYoungGen      total 18432K, used 3196K [0x00000000d5580000, 0x00000000d6b00000, 0x0000000100000000)
  eden space 14848K, 0% used [0x00000000d5580000,0x00000000d5580000,0x00000000d6400000)
  from space 3584K, 89% used [0x00000000d6780000,0x00000000d6a9f1f0,0x00000000d6b00000)
  to   space 3584K, 0% used [0x00000000d6400000,0x00000000d6400000,0x00000000d6780000)
 ParOldGen       total 79360K, used 79189K [0x0000000080000000, 0x0000000084d80000, 0x00000000d5580000)
  object space 79360K, 99% used [0x0000000080000000,0x0000000084d55500,0x0000000084d80000)
 Metaspace       used 67957K, committed 69504K, reserved 1114112K
  class space    used 8507K, committed 9152K, reserved 1048576K
}
Event: 41.138 GC heap before
{Heap before GC invocations=78 (full 3):
 PSYoungGen      total 18432K, used 17985K [0x00000000d5580000, 0x00000000d6b00000, 0x0000000100000000)
  eden space 14848K, 99% used [0x00000000d5580000,0x00000000d63f15c0,0x00000000d6400000)
  from space 3584K, 89% used [0x00000000d6780000,0x00000000d6a9f1f0,0x00000000d6b00000)
  to   space 3584K, 0% used [0x00000000d6400000,0x00000000d6400000,0x00000000d6780000)
 ParOldGen       total 79360K, used 79189K [0x0000000080000000, 0x0000000084d80000, 0x00000000d5580000)
  object space 79360K, 99% used [0x0000000080000000,0x0000000084d55500,0x0000000084d80000)
 Metaspace       used 67963K, committed 69504K, reserved 1114112K
  class space    used 8507K, committed 9152K, reserved 1048576K
}
Event: 41.143 GC heap after
{Heap after GC invocations=78 (full 3):
 PSYoungGen      total 18432K, used 3578K [0x00000000d5580000, 0x00000000d6c00000, 0x0000000100000000)
  eden space 14848K, 0% used [0x00000000d5580000,0x00000000d5580000,0x00000000d6400000)
  from space 3584K, 99% used [0x00000000d6400000,0x00000000d677ebb0,0x00000000d6780000)
  to   space 4096K, 0% used [0x00000000d6800000,0x00000000d6800000,0x00000000d6c00000)
 ParOldGen       total 82432K, used 82266K [0x0000000080000000, 0x0000000085080000, 0x00000000d5580000)
  object space 82432K, 99% used [0x0000000080000000,0x0000000085056948,0x0000000085080000)
 Metaspace       used 67963K, committed 69504K, reserved 1114112K
  class space    used 8507K, committed 9152K, reserved 1048576K
}
Event: 41.517 GC heap before
{Heap before GC invocations=79 (full 3):
 PSYoungGen      total 18432K, used 18426K [0x00000000d5580000, 0x00000000d6c00000, 0x0000000100000000)
  eden space 14848K, 100% used [0x00000000d5580000,0x00000000d6400000,0x00000000d6400000)
  from space 3584K, 99% used [0x00000000d6400000,0x00000000d677ebb0,0x00000000d6780000)
  to   space 4096K, 0% used [0x00000000d6800000,0x00000000d6800000,0x00000000d6c00000)
 ParOldGen       total 82432K, used 82266K [0x0000000080000000, 0x0000000085080000, 0x00000000d5580000)
  object space 82432K, 99% used [0x0000000080000000,0x0000000085056948,0x0000000085080000)
 Metaspace       used 67976K, committed 69504K, reserved 1114112K
  class space    used 8507K, committed 9152K, reserved 1048576K
}
Event: 41.523 GC heap after
{Heap after GC invocations=79 (full 3):
 PSYoungGen      total 16384K, used 1503K [0x00000000d5580000, 0x00000000d6980000, 0x0000000100000000)
  eden space 14848K, 0% used [0x00000000d5580000,0x00000000d5580000,0x00000000d6400000)
  from space 1536K, 97% used [0x00000000d6800000,0x00000000d6977fb0,0x00000000d6980000)
  to   space 2560K, 0% used [0x00000000d6480000,0x00000000d6480000,0x00000000d6700000)
 ParOldGen       total 86016K, used 85675K [0x0000000080000000, 0x0000000085400000, 0x00000000d5580000)
  object space 86016K, 99% used [0x0000000080000000,0x00000000853aafd8,0x0000000085400000)
 Metaspace       used 67976K, committed 69504K, reserved 1114112K
  class space    used 8507K, committed 9152K, reserved 1048576K
}
Event: 41.916 GC heap before
{Heap before GC invocations=80 (full 3):
 PSYoungGen      total 16384K, used 16351K [0x00000000d5580000, 0x00000000d6980000, 0x0000000100000000)
  eden space 14848K, 100% used [0x00000000d5580000,0x00000000d6400000,0x00000000d6400000)
  from space 1536K, 97% used [0x00000000d6800000,0x00000000d6977fb0,0x00000000d6980000)
  to   space 2560K, 0% used [0x00000000d6480000,0x00000000d6480000,0x00000000d6700000)
 ParOldGen       total 86016K, used 85675K [0x0000000080000000, 0x0000000085400000, 0x00000000d5580000)
  object space 86016K, 99% used [0x0000000080000000,0x00000000853aafd8,0x0000000085400000)
 Metaspace       used 68024K, committed 69568K, reserved 1114112K
  class space    used 8510K, committed 9152K, reserved 1048576K
}
Event: 41.936 GC heap after
{Heap after GC invocations=80 (full 3):
 PSYoungGen      total 17408K, used 2530K [0x00000000d5580000, 0x00000000d6e00000, 0x0000000100000000)
  eden space 14848K, 0% used [0x00000000d5580000,0x00000000d5580000,0x00000000d6400000)
  from space 2560K, 98% used [0x00000000d6480000,0x00000000d66f8888,0x00000000d6700000)
  to   space 5120K, 0% used [0x00000000d6900000,0x00000000d6900000,0x00000000d6e00000)
 ParOldGen       total 87552K, used 87361K [0x0000000080000000, 0x0000000085580000, 0x00000000d5580000)
  object space 87552K, 99% used [0x0000000080000000,0x0000000085550448,0x0000000085580000)
 Metaspace       used 68024K, committed 69568K, reserved 1114112K
  class space    used 8510K, committed 9152K, reserved 1048576K
}
Event: 42.295 GC heap before
{Heap before GC invocations=81 (full 3):
 PSYoungGen      total 17408K, used 17378K [0x00000000d5580000, 0x00000000d6e00000, 0x0000000100000000)
  eden space 14848K, 100% used [0x00000000d5580000,0x00000000d6400000,0x00000000d6400000)
  from space 2560K, 98% used [0x00000000d6480000,0x00000000d66f8888,0x00000000d6700000)
  to   space 5120K, 0% used [0x00000000d6900000,0x00000000d6900000,0x00000000d6e00000)
 ParOldGen       total 87552K, used 87361K [0x0000000080000000, 0x0000000085580000, 0x00000000d5580000)
  object space 87552K, 99% used [0x0000000080000000,0x0000000085550448,0x0000000085580000)
 Metaspace       used 68025K, committed 69568K, reserved 1114112K
  class space    used 8510K, committed 9152K, reserved 1048576K
}
Event: 42.300 GC heap after
{Heap after GC invocations=81 (full 3):
 PSYoungGen      total 17920K, used 2658K [0x00000000d5580000, 0x00000000d6c00000, 0x0000000100000000)
  eden space 14848K, 0% used [0x00000000d5580000,0x00000000d5580000,0x00000000d6400000)
  from space 3072K, 86% used [0x00000000d6900000,0x00000000d6b98960,0x00000000d6c00000)
  to   space 3584K, 0% used [0x00000000d6500000,0x00000000d6500000,0x00000000d6880000)
 ParOldGen       total 90112K, used 89868K [0x0000000080000000, 0x0000000085800000, 0x00000000d5580000)
  object space 90112K, 99% used [0x0000000080000000,0x00000000857c3110,0x0000000085800000)
 Metaspace       used 68025K, committed 69568K, reserved 1114112K
  class space    used 8510K, committed 9152K, reserved 1048576K
}
Event: 42.609 GC heap before
{Heap before GC invocations=82 (full 3):
 PSYoungGen      total 17920K, used 17506K [0x00000000d5580000, 0x00000000d6c00000, 0x0000000100000000)
  eden space 14848K, 100% used [0x00000000d5580000,0x00000000d6400000,0x00000000d6400000)
  from space 3072K, 86% used [0x00000000d6900000,0x00000000d6b98960,0x00000000d6c00000)
  to   space 3584K, 0% used [0x00000000d6500000,0x00000000d6500000,0x00000000d6880000)
 ParOldGen       total 90112K, used 89868K [0x0000000080000000, 0x0000000085800000, 0x00000000d5580000)
  object space 90112K, 99% used [0x0000000080000000,0x00000000857c3110,0x0000000085800000)
 Metaspace       used 68038K, committed 69568K, reserved 1114112K
  class space    used 8511K, committed 9152K, reserved 1048576K
}
Event: 42.613 GC heap after
{Heap after GC invocations=82 (full 3):
 PSYoungGen      total 17920K, used 2638K [0x00000000d5580000, 0x00000000d6a00000, 0x0000000100000000)
  eden space 14848K, 0% used [0x00000000d5580000,0x00000000d5580000,0x00000000d6400000)
  from space 3072K, 85% used [0x00000000d6500000,0x00000000d6793b00,0x00000000d6800000)
  to   space 2048K, 0% used [0x00000000d6800000,0x00000000d6800000,0x00000000d6a00000)
 ParOldGen       total 92672K, used 92366K [0x0000000080000000, 0x0000000085a80000, 0x00000000d5580000)
  object space 92672K, 99% used [0x0000000080000000,0x0000000085a33bb8,0x0000000085a80000)
 Metaspace       used 68038K, committed 69568K, reserved 1114112K
  class space    used 8511K, committed 9152K, reserved 1048576K
}
Event: 43.007 GC heap before
{Heap before GC invocations=83 (full 3):
 PSYoungGen      total 17920K, used 17486K [0x00000000d5580000, 0x00000000d6a00000, 0x0000000100000000)
  eden space 14848K, 100% used [0x00000000d5580000,0x00000000d6400000,0x00000000d6400000)
  from space 3072K, 85% used [0x00000000d6500000,0x00000000d6793b00,0x00000000d6800000)
  to   space 2048K, 0% used [0x00000000d6800000,0x00000000d6800000,0x00000000d6a00000)
 ParOldGen       total 92672K, used 92366K [0x0000000080000000, 0x0000000085a80000, 0x00000000d5580000)
  object space 92672K, 99% used [0x0000000080000000,0x0000000085a33bb8,0x0000000085a80000)
 Metaspace       used 68042K, committed 69568K, reserved 1114112K
  class space    used 8511K, committed 9152K, reserved 1048576K
}
Event: 44.571 GC heap after
{Heap after GC invocations=83 (full 3):
 PSYoungGen      total 16896K, used 2022K [0x00000000d5580000, 0x00000000d6a00000, 0x0000000100000000)
  eden space 14848K, 0% used [0x00000000d5580000,0x00000000d5580000,0x00000000d6400000)
  from space 2048K, 98% used [0x00000000d6800000,0x00000000d69f9928,0x00000000d6a00000)
  to   space 3072K, 0% used [0x00000000d6500000,0x00000000d6500000,0x00000000d6800000)
 ParOldGen       total 95744K, used 95474K [0x0000000080000000, 0x0000000085d80000, 0x00000000d5580000)
  object space 95744K, 99% used [0x0000000080000000,0x0000000085d3c920,0x0000000085d80000)
 Metaspace       used 68042K, committed 69568K, reserved 1114112K
  class space    used 8511K, committed 9152K, reserved 1048576K
}
Event: 44.685 GC heap before
{Heap before GC invocations=84 (full 3):
 PSYoungGen      total 16896K, used 16870K [0x00000000d5580000, 0x00000000d6a00000, 0x0000000100000000)
  eden space 14848K, 100% used [0x00000000d5580000,0x00000000d6400000,0x00000000d6400000)
  from space 2048K, 98% used [0x00000000d6800000,0x00000000d69f9928,0x00000000d6a00000)
  to   space 3072K, 0% used [0x00000000d6500000,0x00000000d6500000,0x00000000d6800000)
 ParOldGen       total 95744K, used 95474K [0x0000000080000000, 0x0000000085d80000, 0x00000000d5580000)
  object space 95744K, 99% used [0x0000000080000000,0x0000000085d3c920,0x0000000085d80000)
 Metaspace       used 68044K, committed 69568K, reserved 1114112K
  class space    used 8511K, committed 9152K, reserved 1048576K
}

Dll operation events (15 events):
Event: 0.027 Loaded shared library c:\Users\maafi\.vscode\extensions\redhat.java-1.54.0-win32-x64\jre\21.0.10-win32-x86_64\bin\java.dll
Event: 0.181 Loaded shared library c:\Users\maafi\.vscode\extensions\redhat.java-1.54.0-win32-x64\jre\21.0.10-win32-x86_64\bin\zip.dll
Event: 0.223 Loaded shared library C:\Users\maafi\.vscode\extensions\redhat.java-1.54.0-win32-x64\jre\21.0.10-win32-x86_64\bin\instrument.dll
Event: 0.230 Loaded shared library C:\Users\maafi\.vscode\extensions\redhat.java-1.54.0-win32-x64\jre\21.0.10-win32-x86_64\bin\net.dll
Event: 0.236 Loaded shared library C:\Users\maafi\.vscode\extensions\redhat.java-1.54.0-win32-x64\jre\21.0.10-win32-x86_64\bin\nio.dll
Event: 0.242 Loaded shared library C:\Users\maafi\.vscode\extensions\redhat.java-1.54.0-win32-x64\jre\21.0.10-win32-x86_64\bin\zip.dll
Event: 0.289 Loaded shared library C:\Users\maafi\.vscode\extensions\redhat.java-1.54.0-win32-x64\jre\21.0.10-win32-x86_64\bin\jimage.dll
Event: 0.434 Loaded shared library c:\Users\maafi\.vscode\extensions\redhat.java-1.54.0-win32-x64\jre\21.0.10-win32-x86_64\bin\verify.dll
Event: 3.825 Loaded shared library C:\Users\maafi\AppData\Roaming\Code\User\globalStorage\redhat.java\1.54.0\config_win\org.eclipse.equinox.launcher\org.eclipse.equinox.launcher.win32.win32.x86_64_1.3.0.v20260203-2149\eclipse_11919.dll
Event: 10.125 Loaded shared library C:\Users\maafi\.vscode\extensions\redhat.java-1.54.0-win32-x64\jre\21.0.10-win32-x86_64\bin\management.dll
Event: 10.139 Loaded shared library C:\Users\maafi\.vscode\extensions\redhat.java-1.54.0-win32-x64\jre\21.0.10-win32-x86_64\bin\management_ext.dll
Event: 12.117 Loaded shared library C:\Users\maafi\AppData\Local\Temp\jna-103650000\jna9210210642659125942.dll
Event: 16.773 Loaded shared library C:\Users\maafi\.gradle\native\1def1411415f61bf3af743bc5b6707747c0891f09f0c88961ee8f79bc544acac\windows-amd64\native-platform.dll
Event: 22.795 Loaded shared library C:\Users\maafi\.vscode\extensions\redhat.java-1.54.0-win32-x64\jre\21.0.10-win32-x86_64\bin\extnet.dll
Event: 23.235 Loaded shared library C:\Users\maafi\.vscode\extensions\redhat.java-1.54.0-win32-x64\jre\21.0.10-win32-x86_64\bin\sunmscapi.dll

Deoptimization events (20 events):
Event: 42.418 Thread 0x0000023518c90ec0 DEOPT PACKING pc=0x00000234beca0453 sp=0x0000007fafffe5f0
Event: 42.418 Thread 0x0000023518c90ec0 DEOPT UNPACKING pc=0x00000234c50078e2 sp=0x0000007fafffdb70 mode 0
Event: 42.435 Thread 0x0000023518c90ec0 DEOPT PACKING pc=0x00000234beca0453 sp=0x0000007fafffe5f0
Event: 42.435 Thread 0x0000023518c90ec0 DEOPT UNPACKING pc=0x00000234c50078e2 sp=0x0000007fafffdb70 mode 0
Event: 42.478 Thread 0x0000023518c90ec0 DEOPT PACKING pc=0x00000234beca0453 sp=0x0000007fafffe5f0
Event: 42.478 Thread 0x0000023518c90ec0 DEOPT UNPACKING pc=0x00000234c50078e2 sp=0x0000007fafffdb70 mode 0
Event: 42.510 Thread 0x0000023518c90ec0 Uncommon trap: trap_request=0xffffffe4 fr.pc=0x00000234c5cbe65c relative=0x000000000000141c
Event: 42.510 Thread 0x0000023518c90ec0 Uncommon trap: reason=range_check action=make_not_entrant pc=0x00000234c5cbe65c method=org.eclipse.jdt.internal.core.search.matching.ConstructorPattern.createDeclarationIndexKey([CI[C[[C[[CI[CII)[C @ 352 c2
Event: 42.510 Thread 0x0000023518c90ec0 DEOPT PACKING pc=0x00000234c5cbe65c sp=0x0000007fafffe540
Event: 42.511 Thread 0x0000023518c90ec0 DEOPT UNPACKING pc=0x00000234c5006da2 sp=0x0000007fafffe490 mode 2
Event: 42.634 Thread 0x0000023518c90ec0 DEOPT PACKING pc=0x00000234beca0453 sp=0x0000007fafffe5f0
Event: 42.634 Thread 0x0000023518c90ec0 DEOPT UNPACKING pc=0x00000234c50078e2 sp=0x0000007fafffdb70 mode 0
Event: 42.657 Thread 0x0000023518c90ec0 DEOPT PACKING pc=0x00000234beca0453 sp=0x0000007fafffe5f0
Event: 42.657 Thread 0x0000023518c90ec0 DEOPT UNPACKING pc=0x00000234c50078e2 sp=0x0000007fafffdb70 mode 0
Event: 42.761 Thread 0x0000023518c90ec0 DEOPT PACKING pc=0x00000234beca0453 sp=0x0000007fafffe5f0
Event: 42.761 Thread 0x0000023518c90ec0 DEOPT UNPACKING pc=0x00000234c50078e2 sp=0x0000007fafffdb70 mode 0
Event: 42.859 Thread 0x0000023518c90ec0 DEOPT PACKING pc=0x00000234beca0453 sp=0x0000007fafffe5f0
Event: 42.859 Thread 0x0000023518c90ec0 DEOPT UNPACKING pc=0x00000234c50078e2 sp=0x0000007fafffdb70 mode 0
Event: 42.883 Thread 0x0000023518c90ec0 DEOPT PACKING pc=0x00000234beca0453 sp=0x0000007fafffe5f0
Event: 42.883 Thread 0x0000023518c90ec0 DEOPT UNPACKING pc=0x00000234c50078e2 sp=0x0000007fafffdb70 mode 0

Classes loaded (20 events):
Event: 37.539 Loading class sun/nio/ch/Util$4
Event: 37.540 Loading class sun/nio/ch/Util$4 done
Event: 37.559 Loading class java/nio/file/ClosedDirectoryStreamException
Event: 37.560 Loading class java/nio/file/ClosedDirectoryStreamException done
Event: 37.560 Loading class jdk/internal/jrtfs/JrtFileSystem
Event: 37.569 Loading class jdk/internal/jrtfs/JrtFileSystem done
Event: 37.569 Loading class jdk/internal/jrtfs/JrtPath
Event: 37.571 Loading class jdk/internal/jrtfs/JrtPath done
Event: 37.571 Loading class jdk/internal/jimage/ImageReader$Node
Event: 37.572 Loading class jdk/internal/jimage/ImageReader$Node done
Event: 37.602 Loading class java/nio/ByteBufferAsIntBufferL
Event: 37.603 Loading class java/nio/ByteBufferAsIntBufferL done
Event: 37.613 Loading class jdk/internal/jimage/ImageReader$Directory
Event: 37.613 Loading class jdk/internal/jimage/ImageReader$Directory done
Event: 38.181 Loading class java/nio/channels/Channels$ReadableByteChannelImpl
Event: 38.181 Loading class java/nio/channels/Channels$ReadableByteChannelImpl done
Event: 38.183 Loading class java/nio/channels/NonWritableChannelException
Event: 38.184 Loading class java/nio/channels/NonWritableChannelException done
Event: 40.045 Loading class java/security/DigestInputStream
Event: 40.045 Loading class java/security/DigestInputStream done

Classes unloaded (7 events):
Event: 9.123 Thread 0x00000234ba91fe90 Unloading class 0x00000234d31ab400 'java/lang/invoke/LambdaForm$MH+0x00000234d31ab400'
Event: 9.123 Thread 0x00000234ba91fe90 Unloading class 0x00000234d31ab000 'java/lang/invoke/LambdaForm$MH+0x00000234d31ab000'
Event: 9.123 Thread 0x00000234ba91fe90 Unloading class 0x00000234d31aac00 'java/lang/invoke/LambdaForm$MH+0x00000234d31aac00'
Event: 9.123 Thread 0x00000234ba91fe90 Unloading class 0x00000234d31aa800 'java/lang/invoke/LambdaForm$MH+0x00000234d31aa800'
Event: 9.123 Thread 0x00000234ba91fe90 Unloading class 0x00000234d31aa400 'java/lang/invoke/LambdaForm$BMH+0x00000234d31aa400'
Event: 9.123 Thread 0x00000234ba91fe90 Unloading class 0x00000234d31aa000 'java/lang/invoke/LambdaForm$DMH+0x00000234d31aa000'
Event: 9.123 Thread 0x00000234ba91fe90 Unloading class 0x00000234d31a8c00 'java/lang/invoke/LambdaForm$DMH+0x00000234d31a8c00'

Classes redefined (0 events):
No events

Internal exceptions (20 events):
Event: 39.714 Thread 0x000002351a8576d0 Exception <a 'sun/nio/fs/WindowsException'{0x00000000d6140490}> (0x00000000d6140490) 
thrown [s\src\hotspot\share\prims\jni.cpp, line 520]
Event: 39.714 Thread 0x000002351a8576d0 Exception <a 'sun/nio/fs/WindowsException'{0x00000000d6141020}> (0x00000000d6141020) 
thrown [s\src\hotspot\share\prims\jni.cpp, line 520]
Event: 39.723 Thread 0x000002351a8576d0 Exception <a 'sun/nio/fs/WindowsException'{0x00000000d614b638}> (0x00000000d614b638) 
thrown [s\src\hotspot\share\prims\jni.cpp, line 520]
Event: 39.723 Thread 0x000002351a8576d0 Exception <a 'sun/nio/fs/WindowsException'{0x00000000d614c1c8}> (0x00000000d614c1c8) 
thrown [s\src\hotspot\share\prims\jni.cpp, line 520]
Event: 39.756 Thread 0x000002351a8576d0 Exception <a 'sun/nio/fs/WindowsException'{0x00000000d62d1410}> (0x00000000d62d1410) 
thrown [s\src\hotspot\share\prims\jni.cpp, line 520]
Event: 39.756 Thread 0x000002351a8576d0 Exception <a 'sun/nio/fs/WindowsException'{0x00000000d62d1fa0}> (0x00000000d62d1fa0) 
thrown [s\src\hotspot\share\prims\jni.cpp, line 520]
Event: 40.745 Thread 0x000002351ac25e50 Implicit null exception at 0x00000234c5a4a5bf to 0x00000234c5a4e2f8
Event: 41.334 Thread 0x0000023518c90830 Exception <a 'sun/nio/fs/WindowsException'{0x00000000d61fd010}> (0x00000000d61fd010) 
thrown [s\src\hotspot\share\prims\jni.cpp, line 520]
Event: 41.334 Thread 0x0000023518c90830 Exception <a 'sun/nio/fs/WindowsException'{0x00000000d61fdb90}> (0x00000000d61fdb90) 
thrown [s\src\hotspot\share\prims\jni.cpp, line 520]
Event: 41.594 Thread 0x0000023518c90830 Exception <a 'sun/nio/fs/WindowsException'{0x00000000d59813a0}> (0x00000000d59813a0) 
thrown [s\src\hotspot\share\prims\jni.cpp, line 520]
Event: 41.594 Thread 0x0000023518c90830 Exception <a 'sun/nio/fs/WindowsException'{0x00000000d5981c80}> (0x00000000d5981c80) 
thrown [s\src\hotspot\share\prims\jni.cpp, line 520]
Event: 41.596 Thread 0x0000023518c90830 Exception <a 'sun/nio/fs/WindowsException'{0x00000000d59a8d18}> (0x00000000d59a8d18) 
thrown [s\src\hotspot\share\prims\jni.cpp, line 520]
Event: 41.596 Thread 0x0000023518c90830 Exception <a 'sun/nio/fs/WindowsException'{0x00000000d59a95f8}> (0x00000000d59a95f8) 
thrown [s\src\hotspot\share\prims\jni.cpp, line 520]
Event: 41.599 Thread 0x0000023518c90830 Exception <a 'sun/nio/fs/WindowsException'{0x00000000d59ab1d0}> (0x00000000d59ab1d0) 
thrown [s\src\hotspot\share\prims\jni.cpp, line 520]
Event: 41.599 Thread 0x0000023518c90830 Exception <a 'sun/nio/fs/WindowsException'{0x00000000d59abab0}> (0x00000000d59abab0) 
thrown [s\src\hotspot\share\prims\jni.cpp, line 520]
Event: 41.610 Thread 0x0000023518c90830 Exception <a 'sun/nio/fs/WindowsException'{0x00000000d59d3520}> (0x00000000d59d3520) 
thrown [s\src\hotspot\share\prims\jni.cpp, line 520]
Event: 41.610 Thread 0x0000023518c90830 Exception <a 'sun/nio/fs/WindowsException'{0x00000000d59d3e00}> (0x00000000d59d3e00) 
thrown [s\src\hotspot\share\prims\jni.cpp, line 520]
Event: 41.612 Thread 0x0000023518c90830 Exception <a 'sun/nio/fs/WindowsException'{0x00000000d59d59d8}> (0x00000000d59d59d8) 
thrown [s\src\hotspot\share\prims\jni.cpp, line 520]
Event: 41.613 Thread 0x0000023518c90830 Exception <a 'sun/nio/fs/WindowsException'{0x00000000d59d62b8}> (0x00000000d59d62b8) 
thrown [s\src\hotspot\share\prims\jni.cpp, line 520]
Event: 41.905 Thread 0x0000023518c90ec0 Implicit null exception at 0x00000234c5c6a06b to 0x00000234c5c71078

ZGC Phase Switch (0 events):
No events

VM Operations (20 events):
Event: 40.242 Executing safepoint VM operation: ParallelGCFailedAllocation (Allocation Failure) done
Event: 40.428 Executing safepoint VM operation: ParallelGCFailedAllocation (Allocation Failure)
Event: 40.432 Executing safepoint VM operation: ParallelGCFailedAllocation (Allocation Failure) done
Event: 40.640 Executing safepoint VM operation: ParallelGCFailedAllocation (Allocation Failure)
Event: 40.645 Executing safepoint VM operation: ParallelGCFailedAllocation (Allocation Failure) done
Event: 40.860 Executing safepoint VM operation: ParallelGCFailedAllocation (Allocation Failure)
Event: 40.864 Executing safepoint VM operation: ParallelGCFailedAllocation (Allocation Failure) done
Event: 41.138 Executing safepoint VM operation: ParallelGCFailedAllocation (Allocation Failure)
Event: 41.143 Executing safepoint VM operation: ParallelGCFailedAllocation (Allocation Failure) done
Event: 41.454 Executing safepoint VM operation: ParallelGCFailedAllocation (Allocation Failure)
Event: 41.523 Executing safepoint VM operation: ParallelGCFailedAllocation (Allocation Failure) done
Event: 41.916 Executing safepoint VM operation: ParallelGCFailedAllocation (Allocation Failure)
Event: 41.936 Executing safepoint VM operation: ParallelGCFailedAllocation (Allocation Failure) done
Event: 42.294 Executing safepoint VM operation: ParallelGCFailedAllocation (Allocation Failure)
Event: 42.300 Executing safepoint VM operation: ParallelGCFailedAllocation (Allocation Failure) done
Event: 42.604 Executing safepoint VM operation: ParallelGCFailedAllocation (Allocation Failure)
Event: 42.613 Executing safepoint VM operation: ParallelGCFailedAllocation (Allocation Failure) done
Event: 43.007 Executing safepoint VM operation: ParallelGCFailedAllocation (Allocation Failure)
Event: 44.572 Executing safepoint VM operation: ParallelGCFailedAllocation (Allocation Failure) done
Event: 44.685 Executing safepoint VM operation: ParallelGCFailedAllocation (Allocation Failure)

Memory protections (0 events):
No events

Nmethod flushes (20 events):
Event: 20.623 Thread 0x00000234ba91fe90 flushing  nmethod 0x00000234be329c10
Event: 20.623 Thread 0x00000234ba91fe90 flushing  nmethod 0x00000234be32a210
Event: 20.623 Thread 0x00000234ba91fe90 flushing  nmethod 0x00000234be32a990
Event: 20.623 Thread 0x00000234ba91fe90 flushing  nmethod 0x00000234be32ad90
Event: 20.623 Thread 0x00000234ba91fe90 flushing  nmethod 0x00000234be32b210
Event: 20.623 Thread 0x00000234ba91fe90 flushing  nmethod 0x00000234be32b810
Event: 20.623 Thread 0x00000234ba91fe90 flushing  nmethod 0x00000234be32bc10
Event: 20.623 Thread 0x00000234ba91fe90 flushing  nmethod 0x00000234be32c210
Event: 20.623 Thread 0x00000234ba91fe90 flushing  nmethod 0x00000234be340b10
Event: 20.623 Thread 0x00000234ba91fe90 flushing  nmethod 0x00000234be37d690
Event: 20.623 Thread 0x00000234ba91fe90 flushing  nmethod 0x00000234be37e910
Event: 20.623 Thread 0x00000234ba91fe90 flushing  nmethod 0x00000234be37fe90
Event: 20.623 Thread 0x00000234ba91fe90 flushing  nmethod 0x00000234be380610
Event: 20.623 Thread 0x00000234ba91fe90 flushing  nmethod 0x00000234be380f90
Event: 20.623 Thread 0x00000234ba91fe90 flushing  nmethod 0x00000234be388110
Event: 20.623 Thread 0x00000234ba91fe90 flushing  nmethod 0x00000234be38ef90
Event: 20.623 Thread 0x00000234ba91fe90 flushing  nmethod 0x00000234be3a8490
Event: 20.623 Thread 0x00000234ba91fe90 flushing  nmethod 0x00000234be3aa810
Event: 20.623 Thread 0x00000234ba91fe90 flushing  nmethod 0x00000234be3ae010
Event: 20.623 Thread 0x00000234ba91fe90 flushing  nmethod 0x00000234be3cda90

Events (20 events):
Event: 33.426 Thread 0x0000023513be0090 Thread added: 0x000002351adbbe40
Event: 34.957 Thread 0x000002351adbbe40 Thread exited: 0x000002351adbbe40
Event: 35.106 Thread 0x000002351ac257c0 Thread exited: 0x000002351ac257c0
Event: 35.106 Thread 0x000002351ac25e50 Thread exited: 0x000002351ac25e50
Event: 35.201 Thread 0x000002351a8576d0 Thread added: 0x000002351ac24410
Event: 35.204 Thread 0x000002351a8576d0 Thread added: 0x000002351ac25130
Event: 35.287 Thread 0x000002351ac25130 Thread exited: 0x000002351ac25130
Event: 35.291 Thread 0x000002351a8576d0 Thread added: 0x000002351ac264e0
Event: 35.293 Thread 0x000002351a8576d0 Thread added: 0x000002351ac25130
Event: 35.344 Thread 0x000002351ac25130 Thread exited: 0x000002351ac25130
Event: 35.363 Thread 0x000002351b8ad130 Thread added: 0x000002351ac26b70
Event: 35.828 Thread 0x0000023513be0090 Thread added: 0x000002351adbbe40
Event: 36.894 Thread 0x000002351adbbe40 Thread exited: 0x000002351adbbe40
Event: 37.986 Thread 0x0000023513be0090 Thread added: 0x000002351adb9c30
Event: 38.309 Thread 0x0000023513be0090 Thread added: 0x000002351adba9d0
Event: 40.590 Thread 0x000002351a8576d0 Thread added: 0x000002351ac285b0
Event: 40.592 Thread 0x000002351a8576d0 Thread added: 0x000002351ac25e50
Event: 40.637 Thread 0x000002351ac25e50 Thread added: 0x000002351ac28c40
Event: 42.969 Thread 0x000002351adba9d0 Thread exited: 0x000002351adba9d0
Event: 44.575 Thread 0x000002351adb9c30 Thread exited: 0x000002351adb9c30


Dynamic libraries:
0x00007ff6ea520000 - 0x00007ff6ea52e000 	c:\Users\maafi\.vscode\extensions\redhat.java-1.54.0-win32-x64\jre\21.0.10-win32-x86_64\bin\java.exe
0x00007ff885640000 - 0x00007ff8858a6000 	C:\WINDOWS\SYSTEM32\ntdll.dll
0x00007ff8848f0000 - 0x00007ff8849b9000 	C:\WINDOWS\System32\KERNEL32.DLL
0x00007ff882b00000 - 0x00007ff882efa000 	C:\WINDOWS\System32\KERNELBASE.dll
0x00007ff883260000 - 0x00007ff8833ac000 	C:\WINDOWS\System32\ucrtbase.dll
0x00007ff811f70000 - 0x00007ff811f88000 	c:\Users\maafi\.vscode\extensions\redhat.java-1.54.0-win32-x64\jre\21.0.10-win32-x86_64\bin\jli.dll
0x00007ff811f50000 - 0x00007ff811f6e000 	c:\Users\maafi\.vscode\extensions\redhat.java-1.54.0-win32-x64\jre\21.0.10-win32-x86_64\bin\VCRUNTIME140.dll
0x00007ff884490000 - 0x00007ff884657000 	C:\WINDOWS\System32\USER32.dll
0x00007ff870c10000 - 0x00007ff870ea2000 	C:\WINDOWS\WinSxS\amd64_microsoft.windows.common-controls_6595b64144ccf1df_6.0.26100.8521_none_3e08b75ce33403b3\COMCTL32.dll
0x00007ff883170000 - 0x00007ff883197000 	C:\WINDOWS\System32\win32u.dll
0x00007ff8841c0000 - 0x00007ff884269000 	C:\WINDOWS\System32\msvcrt.dll
0x00007ff883930000 - 0x00007ff88395b000 	C:\WINDOWS\System32\GDI32.dll
0x00007ff882f00000 - 0x00007ff88302b000 	C:\WINDOWS\System32\gdi32full.dll
0x00007ff8828d0000 - 0x00007ff882973000 	C:\WINDOWS\System32\msvcp_win.dll
0x00007ff883960000 - 0x00007ff883992000 	C:\WINDOWS\System32\IMM32.DLL
0x00007ff8239a0000 - 0x00007ff8239ac000 	c:\Users\maafi\.vscode\extensions\redhat.java-1.54.0-win32-x64\jre\21.0.10-win32-x86_64\bin\vcruntime140_1.dll
0x00007ff811ec0000 - 0x00007ff811f4d000 	c:\Users\maafi\.vscode\extensions\redhat.java-1.54.0-win32-x64\jre\21.0.10-win32-x86_64\bin\msvcp140.dll
0x00007ffff7410000 - 0x00007ffff81b1000 	c:\Users\maafi\.vscode\extensions\redhat.java-1.54.0-win32-x64\jre\21.0.10-win32-x86_64\bin\server\jvm.dll
0x00007ff884660000 - 0x00007ff884716000 	C:\WINDOWS\System32\ADVAPI32.dll
0x00007ff884730000 - 0x00007ff8847da000 	C:\WINDOWS\System32\sechost.dll
0x00007ff8854e0000 - 0x00007ff8855f8000 	C:\WINDOWS\System32\RPCRT4.dll
0x00007ff8838a0000 - 0x00007ff883920000 	C:\WINDOWS\System32\WS2_32.dll
0x00007ff882750000 - 0x00007ff8827ae000 	C:\WINDOWS\SYSTEM32\POWRPROF.dll
0x00007ff870eb0000 - 0x00007ff870ee6000 	C:\WINDOWS\SYSTEM32\WINMM.dll
0x00007ff874c70000 - 0x00007ff874c7b000 	C:\WINDOWS\SYSTEM32\VERSION.dll
0x00007ff882730000 - 0x00007ff882744000 	C:\WINDOWS\SYSTEM32\UMPDC.dll
0x00007ff881630000 - 0x00007ff88164b000 	C:\WINDOWS\SYSTEM32\kernel.appcore.dll
0x00007ff813c00000 - 0x00007ff813c0a000 	c:\Users\maafi\.vscode\extensions\redhat.java-1.54.0-win32-x64\jre\21.0.10-win32-x86_64\bin\jimage.dll
0x00007ff880130000 - 0x00007ff880372000 	C:\WINDOWS\SYSTEM32\DBGHELP.DLL
0x00007ff884fe0000 - 0x00007ff885363000 	C:\WINDOWS\System32\combase.dll
0x00007ff885370000 - 0x00007ff885449000 	C:\WINDOWS\System32\OLEAUT32.dll
0x00007ff87ed70000 - 0x00007ff87edab000 	C:\WINDOWS\SYSTEM32\dbgcore.DLL
0x00007ff8830c0000 - 0x00007ff883168000 	C:\WINDOWS\System32\bcryptPrimitives.dll
0x00007ff812870000 - 0x00007ff81287f000 	c:\Users\maafi\.vscode\extensions\redhat.java-1.54.0-win32-x64\jre\21.0.10-win32-x86_64\bin\instrument.dll
0x00007ff811ea0000 - 0x00007ff811ec0000 	c:\Users\maafi\.vscode\extensions\redhat.java-1.54.0-win32-x64\jre\21.0.10-win32-x86_64\bin\java.dll
0x00007ff883a30000 - 0x00007ff8841b4000 	C:\WINDOWS\System32\SHELL32.dll
0x00007ff880470000 - 0x00007ff880cf0000 	C:\WINDOWS\SYSTEM32\windows.storage.dll
0x00007ff884d20000 - 0x00007ff884e16000 	C:\WINDOWS\System32\SHCORE.dll
0x00007ff884b50000 - 0x00007ff884bb7000 	C:\WINDOWS\System32\shlwapi.dll
0x00007ff8827f0000 - 0x00007ff882819000 	C:\WINDOWS\SYSTEM32\profapi.dll
0x00007ff8122f0000 - 0x00007ff812308000 	c:\Users\maafi\.vscode\extensions\redhat.java-1.54.0-win32-x64\jre\21.0.10-win32-x86_64\bin\zip.dll
0x00007ff813a90000 - 0x00007ff813aa0000 	C:\Users\maafi\.vscode\extensions\redhat.java-1.54.0-win32-x64\jre\21.0.10-win32-x86_64\bin\net.dll
0x00007ff879aa0000 - 0x00007ff879bc9000 	C:\WINDOWS\SYSTEM32\WINHTTP.dll
0x00007ff881bb0000 - 0x00007ff881c1c000 	C:\WINDOWS\system32\mswsock.dll
0x00007ff8122d0000 - 0x00007ff8122e6000 	C:\Users\maafi\.vscode\extensions\redhat.java-1.54.0-win32-x64\jre\21.0.10-win32-x86_64\bin\nio.dll
0x00007ff812280000 - 0x00007ff812290000 	c:\Users\maafi\.vscode\extensions\redhat.java-1.54.0-win32-x64\jre\21.0.10-win32-x86_64\bin\verify.dll
0x00007ff812980000 - 0x00007ff8129c5000 	C:\Users\maafi\AppData\Roaming\Code\User\globalStorage\redhat.java\1.54.0\config_win\org.eclipse.equinox.launcher\org.eclipse.equinox.launcher.win32.win32.x86_64_1.3.0.v20260203-2149\eclipse_11919.dll
0x00007ff884e40000 - 0x00007ff884fd8000 	C:\WINDOWS\System32\ole32.dll
0x00007ff881eb0000 - 0x00007ff881ecb000 	C:\WINDOWS\SYSTEM32\CRYPTSP.dll
0x00007ff881590000 - 0x00007ff8815c9000 	C:\WINDOWS\system32\rsaenh.dll
0x00007ff881c60000 - 0x00007ff881c93000 	C:\WINDOWS\SYSTEM32\USERENV.dll
0x00007ff8827c0000 - 0x00007ff8827ea000 	C:\WINDOWS\SYSTEM32\bcrypt.dll
0x00007ff881ed0000 - 0x00007ff881edc000 	C:\WINDOWS\SYSTEM32\CRYPTBASE.dll
0x00007ff881000000 - 0x00007ff881033000 	C:\WINDOWS\SYSTEM32\IPHLPAPI.DLL
0x00007ff884720000 - 0x00007ff88472a000 	C:\WINDOWS\System32\NSI.dll
0x00007ff811e90000 - 0x00007ff811e9a000 	C:\Users\maafi\.vscode\extensions\redhat.java-1.54.0-win32-x64\jre\21.0.10-win32-x86_64\bin\management.dll
0x00007ff811e80000 - 0x00007ff811e8c000 	C:\Users\maafi\.vscode\extensions\redhat.java-1.54.0-win32-x64\jre\21.0.10-win32-x86_64\bin\management_ext.dll
0x00007ff8847e0000 - 0x00007ff8847e8000 	C:\WINDOWS\System32\PSAPI.DLL
0x00007ff812930000 - 0x00007ff812979000 	C:\Users\maafi\AppData\Local\Temp\jna-103650000\jna9210210642659125942.dll
0x00007ff8798c0000 - 0x00007ff8798dd000 	C:\WINDOWS\SYSTEM32\dhcpcsvc6.DLL
0x00007ff879890000 - 0x00007ff8798b5000 	C:\WINDOWS\SYSTEM32\dhcpcsvc.DLL
0x00007ff8136e0000 - 0x00007ff813707000 	C:\Users\maafi\.gradle\native\1def1411415f61bf3af743bc5b6707747c0891f09f0c88961ee8f79bc544acac\windows-amd64\native-platform.dll
0x00007ff812cf0000 - 0x00007ff812cf9000 	C:\Users\maafi\.vscode\extensions\redhat.java-1.54.0-win32-x64\jre\21.0.10-win32-x86_64\bin\extnet.dll
0x00007ff813970000 - 0x00007ff81397e000 	C:\Users\maafi\.vscode\extensions\redhat.java-1.54.0-win32-x64\jre\21.0.10-win32-x86_64\bin\sunmscapi.dll
0x00007ff882980000 - 0x00007ff882af8000 	C:\WINDOWS\System32\CRYPT32.dll
0x00007ff8820d0000 - 0x00007ff882100000 	C:\WINDOWS\SYSTEM32\ncrypt.dll
0x00007ff882080000 - 0x00007ff8820bf000 	C:\WINDOWS\SYSTEM32\NTASN1.dll
0x00007ff82cad0000 - 0x00007ff82cad8000 	C:\WINDOWS\system32\wshunix.dll

JVMTI agents:
c:\Users\maafi\.vscode\extensions\redhat.java-1.54.0-win32-x64\lombok\lombok-1.18.39-4050.jar path:c:\Users\maafi\.vscode\extensions\redhat.java-1.54.0-win32-x64\jre\21.0.10-win32-x86_64\bin\instrument.dll, loaded, initialized, instrumentlib options:none

dbghelp: loaded successfully - version: 4.0.5 - missing functions: none
symbol engine: initialized successfully - sym options: 0x614 - pdb path: .;c:\Users\maafi\.vscode\extensions\redhat.java-1.54.0-win32-x64\jre\21.0.10-win32-x86_64\bin;C:\WINDOWS\SYSTEM32;C:\WINDOWS\WinSxS\amd64_microsoft.windows.common-controls_6595b64144ccf1df_6.0.26100.8521_none_3e08b75ce33403b3;c:\Users\maafi\.vscode\extensions\redhat.java-1.54.0-win32-x64\jre\21.0.10-win32-x86_64\bin\server;C:\Users\maafi\AppData\Roaming\Code\User\globalStorage\redhat.java\1.54.0\config_win\org.eclipse.equinox.launcher\org.eclipse.equinox.launcher.win32.win32.x86_64_1.3.0.v20260203-2149;C:\Users\maafi\AppData\Local\Temp\jna-103650000;C:\Users\maafi\.gradle\native\1def1411415f61bf3af743bc5b6707747c0891f09f0c88961ee8f79bc544acac\windows-amd64

VM Arguments:
jvm_args: --add-modules=ALL-SYSTEM --add-opens=java.base/java.util=ALL-UNNAMED --add-opens=java.base/java.lang=ALL-UNNAMED --add-opens=java.base/sun.nio.fs=ALL-UNNAMED -Declipse.application=org.eclipse.jdt.ls.core.id1 -Dosgi.bundles.defaultStartLevel=4 -Declipse.product=org.eclipse.jdt.ls.core.product -Djava.import.generatesMetadataFilesAtProjectRoot=false -DDetectVMInstallationsJob.disabled=true -Dfile.encoding=utf8 -XX:+UseParallelGC -XX:GCTimeRatio=4 -XX:AdaptiveSizePolicyWeight=90 -Dsun.zip.disableMemoryMapping=true -Xmx2G -Xms100m -Xlog:disable -javaagent:c:\Users\maafi\.vscode\extensions\redhat.java-1.54.0-win32-x64\lombok\lombok-1.18.39-4050.jar -XX:+HeapDumpOnOutOfMemoryError -XX:HeapDumpPath=c:\Users\maafi\AppData\Roaming\Code\User\workspaceStorage\a59dc96bf32e8cfe32465a2fc0319d96\redhat.java -Daether.dependencyCollector.impl=bf 
java_command: c:\Users\maafi\.vscode\extensions\redhat.java-1.54.0-win32-x64\server\plugins\org.eclipse.equinox.launcher_1.7.100.v20251111-0406.jar -configuration c:\Users\maafi\AppData\Roaming\Code\User\globalStorage\redhat.java\1.54.0\config_win -data c:\Users\maafi\AppData\Roaming\Code\User\workspaceStorage\a59dc96bf32e8cfe32465a2fc0319d96\redhat.java\jdt_ws --pipe=\\.\pipe\lsp-232112a13a5ace62e48ac387d814d79b-sock
java_class_path (initial): c:\Users\maafi\.vscode\extensions\redhat.java-1.54.0-win32-x64\server\plugins\org.eclipse.equinox.launcher_1.7.100.v20251111-0406.jar
Launcher Type: SUN_STANDARD

[Global flags]
    uintx AdaptiveSizePolicyWeight                 = 90                                        {product} {command line}
     intx CICompilerCount                          = 4                                         {product} {ergonomic}
    uintx GCTimeRatio                              = 4                                         {product} {command line}
     bool HeapDumpOnOutOfMemoryError               = true                                   {manageable} {command line}
    ccstr HeapDumpPath                             = c:\Users\maafi\AppData\Roaming\Code\User\workspaceStorage\a59dc96bf32e8cfe32465a2fc0319d96\redhat.java         {manageable} {command line}
   size_t InitialHeapSize                          = 104857600                                 {product} {command line}
   size_t MaxHeapSize                              = 2147483648                                {product} {command line}
   size_t MaxNewSize                               = 715653120                                 {product} {ergonomic}
   size_t MinHeapDeltaBytes                        = 524288                                    {product} {ergonomic}
   size_t MinHeapSize                              = 104857600                                 {product} {command line}
   size_t NewSize                                  = 34603008                                  {product} {ergonomic}
    uintx NonNMethodCodeHeapSize                   = 5839372                                {pd product} {ergonomic}
    uintx NonProfiledCodeHeapSize                  = 122909434                              {pd product} {ergonomic}
   size_t OldSize                                  = 70254592                                  {product} {ergonomic}
    uintx ProfiledCodeHeapSize                     = 122909434                              {pd product} {ergonomic}
    uintx ReservedCodeCacheSize                    = 251658240                              {pd product} {ergonomic}
     bool SegmentedCodeCache                       = true                                      {product} {ergonomic}
   size_t SoftMaxHeapSize                          = 2147483648                             {manageable} {ergonomic}
     bool UseCompressedOops                        = true                           {product lp64_product} {ergonomic}
     bool UseLargePagesIndividualAllocation        = false                                  {pd product} {ergonomic}
     bool UseParallelGC                            = true                                      {product} {command line}

Logging:
Log output configuration:
 #0: stdout all=off uptime,level,tags foldmultilines=false
 #1: stderr all=off uptime,level,tags foldmultilines=false

Release file:
JAVA_VERSION="21.0.10" 
MODULES="java.base java.compiler java.datatransfer java.xml java.prefs java.desktop java.instrument java.logging java.management java.security.sasl java.naming java.rmi java.management.rmi java.net.http java.scripting java.security.jgss java.transaction.xa java.sql java.sql.rowset java.xml.crypto java.se java.smartcardio jdk.accessibility jdk.internal.jvmstat jdk.attach jdk.charsets jdk.internal.opt jdk.zipfs jdk.compiler jdk.crypto.ec jdk.crypto.cryptoki jdk.crypto.mscapi jdk.dynalink jdk.internal.ed jdk.editpad jdk.hotspot.agent jdk.httpserver jdk.internal.le jdk.internal.vm.ci jdk.internal.vm.compiler jdk.internal.vm.compiler.management jdk.jartool jdk.javadoc jdk.jcmd jdk.management jdk.management.agent jdk.jconsole jdk.jdeps jdk.jdwp.agent jdk.jdi jdk.jfr jdk.jshell jdk.jsobject jdk.jstatd jdk.localedata jdk.management.jfr jdk.naming.dns jdk.naming.rmi jdk.net jdk.nio.mapmode jdk.random jdk.sctp jdk.security.auth jdk.security.jgss jdk.unsupported jdk.unsupported.desktop jdk.xml.dom" 

Environment Variables:
PATH=C:\Users\maafi\anaconda3\condabin;C:\Program Files\Common Files\Oracle\Java\javapath;C:\Program Files (x86)\Common Files\Oracle\Java\java8path;C:\Program Files (x86)\Common Files\Oracle\Java\javapath;C:\WINDOWS\system32;C:\WINDOWS;C:\WINDOWS\System32\Wbem;C:\WINDOWS\System32\WindowsPowerShell\v1.0\;C:\WINDOWS\System32\OpenSSH\;C:\Program Files\dotnet\;C:\MinGW\bin;C:\Program Files\Git\cmd;C:\php-8.4;C:\Program Files\nodejs\;C:\Program Files (x86)\Windows Kits\10\Windows Performance Toolkit\;C:\Program Files\Docker\Docker\resources\bin;C:\Program Files\k6\;C:\Users\maafi\AppData\Local\Programs\Python\Python37\Scripts\;C:\Users\maafi\AppData\Local\Programs\Python\Python37\;C:\Users\maafi\AppData\Local\Programs\Python\Python311\Scripts\;C:\Users\maafi\AppData\Local\Programs\Python\Python311\;C:\Users\maafi\AppData\Local\Programs\Python\Python313\Scripts\;C:\Users\maafi\AppData\Local\Programs\Python\Python313\;C:\Users\maafi\AppData\Local\Microsoft\WindowsApps;C:\Program Files\JetBrains\IntelliJ IDEA 2024.2.3\bin;;C:\MinGW\bin;C:\Users\maafi\AppData\Local\Programs\Microsoft VS Code\bin;C:\Users\maafi\anaconda3\Scripts\;C:\Users\maafi\anaconda3\;C:\Users\maafi\AppData\Local\Programs\Kiro\bin;C:\Users\maafi\AppData\Local\Python\bin;C:\Users\maafi\AppData\Roaming\npm;C:\Users\maafi\Documents\flutter\bin;C:\Users\maafi\AppData\Local\Programs\Antigravity\bin
USERNAME=maafi
OS=Windows_NT
PROCESSOR_IDENTIFIER=Intel64 Family 6 Model 126 Stepping 5, GenuineIntel
TMP=C:\Users\maafi\AppData\Local\Temp
TEMP=C:\Users\maafi\AppData\Local\Temp




Periodic native trim disabled

---------------  S Y S T E M  ---------------

OS:
 Windows 11 , 64 bit Build 26100 (10.0.26100.8521)
OS uptime: 0 days 10:15 hours
Hyper-V role detected

CPU: total 8 (initial active 8) (4 cores per cpu, 2 threads per core) family 6 model 126 stepping 5 microcode 0x96, cx8, cmov, fxsr, ht, mmx, 3dnowpref, sse, sse2, sse3, ssse3, sse4.1, sse4.2, popcnt, lzcnt, tsc, tscinvbit, avx, avx2, aes, erms, clmul, bmi1, bmi2, adx, avx512f, avx512dq, avx512cd, avx512bw, avx512vl, sha, fma, vzeroupper, avx512_vpopcntdq, avx512_vpclmulqdq, avx512_vaes, avx512_vnni, clflush, clflushopt, avx512_vbmi2, avx512_vbmi, hv, rdtscp, rdpid, fsrm, gfni, avx512_bitalg, f16c, avx512_ifma
Processor Information for the first 8 processors :
  Max Mhz: 1190, Current Mhz: 991, Mhz Limit: 987

Memory: 4k page, system-wide physical 7931M (874M free)
TotalPageFile size 32507M (AvailPageFile size 0M)
current process WorkingSet (physical memory assigned to process): 410M, peak: 410M
current process commit charge ("private bytes"): 470M, peak: 473M

vm_info: OpenJDK 64-Bit Server VM (21.0.10+7-LTS) for windows-amd64 JRE (21.0.10+7-LTS), built on 2026-01-20T00:00:00Z by "admin" with MS VC++ 17.12 (VS2022)

END.
